Initial Win CP for (console input, console output, system): (CP65001, CP65001, CP949)
I changed them all to CP949
Rc files read (in order):
  ./.latexmkrc
Latexmk: This is Latexmk, John Collins, 9 March 2026. Version 4.88.
Latexmk: making output directory 'build'
No existing .aux file, so I'll make a simple one, and require run of *latex.
Latexmk: applying rule 'lualatex'...
Rule 'lualatex':  Reasons for rerun
Category 'other':
  Rerun of 'lualatex' forced or previously required:
    Reason or flag: 'Initial setup'

------------
Run number 1 of rule 'lualatex'
------------
------------
Running 'lualatex -interaction=nonstopmode -halt-on-error -file-line-error -synctex=1  -recorder -output-directory="build"  "LLMWiki.tex"'
------------
This is LuaHBTeX, Version 1.24.0 (MiKTeX 25.12)
 restricted system commands enabled.
(./LLMWiki.tex
LaTeX2e <2025-11-01>
L3 programming layer <2025-12-24>
 (C:/Users/jmkjm/AppData/Local/Programs/MiKTeX/tex/latex/base/book.cls
Document Class: book 2025/01/22 v1.4n Standard LaTeX document class
(C:/Users/jmkjm/AppData/Local/Programs/MiKTeX/tex/latex/base/bk11.clo))
(C:/Users/jmkjm/AppData/Local/Programs/MiKTeX/tex/latex/base/inputenc.sty

Package inputenc Warning: inputenc package ignored with utf8 based engines.

) (C:/Users/jmkjm/AppData/Local/Programs/MiKTeX/tex/latex/base/fontenc.sty
(C:/Users/jmkjm/AppData/Local/Programs/MiKTeX/tex/latex/lm/t1lmr.fd))
(C:/Users/jmkjm/AppData/Local/Programs/MiKTeX/tex/generic/babel/babel.sty
(C:/Users/jmkjm/AppData/Local/Programs/MiKTeX/tex/generic/babel/luababel.def)
(C:/Users/jmkjm/AppData/Local/Programs/MiKTeX/tex/generic/babel/luababel.def)
*************************************
* Local config file bblopts.cfg used
*
(C:/Users/jmkjm/AppData/Local/Programs/MiKTeX/tex/latex/arabi/bblopts.cfg)
(C:/Users/jmkjm/AppData/Local/Programs/MiKTeX/tex/generic/babel/locale/en/babel
-english.tex)
(C:/Users/jmkjm/AppData/Local/Programs/MiKTeX/tex/latex/babel-english/english.l
df))
(C:/Users/jmkjm/AppData/Local/Programs/MiKTeX/tex/latex/amsmath/amsmath.sty
For additional information on amsmath, use the `?' option.
(C:/Users/jmkjm/AppData/Local/Programs/MiKTeX/tex/latex/amsmath/amstext.sty
(C:/Users/jmkjm/AppData/Local/Programs/MiKTeX/tex/latex/amsmath/amsgen.sty))
(C:/Users/jmkjm/AppData/Local/Programs/MiKTeX/tex/latex/amsmath/amsbsy.sty)
(C:/Users/jmkjm/AppData/Local/Programs/MiKTeX/tex/latex/amsmath/amsopn.sty))
(C:/Users/jmkjm/AppData/Local/Programs/MiKTeX/tex/latex/amsfonts/amssymb.sty
(C:/Users/jmkjm/AppData/Local/Programs/MiKTeX/tex/latex/amsfonts/amsfonts.sty))
 (C:/Users/jmkjm/AppData/Local/Programs/MiKTeX/tex/latex/amscls/amsthm.sty)
(C:/Users/jmkjm/AppData/Local/Programs/MiKTeX/tex/latex/mathtools/mathtools.sty
(C:/Users/jmkjm/AppData/Local/Programs/MiKTeX/tex/latex/graphics/keyval.sty)
(C:/Users/jmkjm/AppData/Local/Programs/MiKTeX/tex/latex/tools/calc.sty)
(C:/Users/jmkjm/AppData/Local/Programs/MiKTeX/tex/latex/mathtools/mhsetup.sty))
 (C:/Users/jmkjm/AppData/Local/Programs/MiKTeX/tex/latex/graphics/graphicx.sty
(C:/Users/jmkjm/AppData/Local/Programs/MiKTeX/tex/latex/graphics/graphics.sty
(C:/Users/jmkjm/AppData/Local/Programs/MiKTeX/tex/latex/graphics/trig.sty)
(C:/Users/jmkjm/AppData/Local/Programs/MiKTeX/tex/latex/graphics-cfg/graphics.c
fg)
(C:/Users/jmkjm/AppData/Local/Programs/MiKTeX/tex/latex/graphics-def/luatex.def
)))
(C:/Users/jmkjm/AppData/Local/Programs/MiKTeX/tex/latex/booktabs/booktabs.sty)
(C:/Users/jmkjm/AppData/Local/Programs/MiKTeX/tex/latex/tools/longtable.sty)
(C:/Users/jmkjm/AppData/Local/Programs/MiKTeX/tex/latex/tools/array.sty)
(C:/Users/jmkjm/AppData/Local/Programs/MiKTeX/tex/latex/multirow/multirow.sty)
(C:/Users/jmkjm/AppData/Local/Programs/MiKTeX/tex/latex/caption/caption.sty
(C:/Users/jmkjm/AppData/Local/Programs/MiKTeX/tex/latex/caption/caption3.sty)
(C:/Users/jmkjm/AppData/Local/Programs/MiKTeX/tex/latex/caption/ltcaption.sty))
 (C:/Users/jmkjm/AppData/Local/Programs/MiKTeX/tex/latex/caption/subcaption.sty
) (C:/Users/jmkjm/AppData/Local/Programs/MiKTeX/tex/latex/float/float.sty)
(C:/Users/jmkjm/AppData/Local/Programs/MiKTeX/tex/latex/hyperref/hyperref.sty
(C:/Users/jmkjm/AppData/Local/Programs/MiKTeX/tex/generic/iftex/iftex.sty)
(C:/Users/jmkjm/AppData/Local/Programs/MiKTeX/tex/latex/kvsetkeys/kvsetkeys.sty
)
(C:/Users/jmkjm/AppData/Local/Programs/MiKTeX/tex/generic/kvdefinekeys/kvdefine
keys.sty)
(C:/Users/jmkjm/AppData/Local/Programs/MiKTeX/tex/generic/pdfescape/pdfescape.s
ty
(C:/Users/jmkjm/AppData/Local/Programs/MiKTeX/tex/generic/ltxcmds/ltxcmds.sty)
(C:/Users/jmkjm/AppData/Local/Programs/MiKTeX/tex/generic/pdftexcmds/pdftexcmds
.sty
(C:/Users/jmkjm/AppData/Local/Programs/MiKTeX/tex/generic/infwarerr/infwarerr.s
ty)))
(C:/Users/jmkjm/AppData/Local/Programs/MiKTeX/tex/latex/hycolor/hycolor.sty)
(C:/Users/jmkjm/AppData/Local/Programs/MiKTeX/tex/latex/hyperref/nameref.sty
(C:/Users/jmkjm/AppData/Local/Programs/MiKTeX/tex/latex/refcount/refcount.sty)
(C:/Users/jmkjm/AppData/Local/Programs/MiKTeX/tex/generic/gettitlestring/gettit
lestring.sty
(C:/Users/jmkjm/AppData/Local/Programs/MiKTeX/tex/latex/kvoptions/kvoptions.sty
)))
(C:/Users/jmkjm/AppData/Local/Programs/MiKTeX/tex/latex/etoolbox/etoolbox.sty)
(C:/Users/jmkjm/AppData/Local/Programs/MiKTeX/tex/generic/stringenc/stringenc.s
ty) (C:/Users/jmkjm/AppData/Local/Programs/MiKTeX/tex/latex/hyperref/pd1enc.def
) (C:/Users/jmkjm/AppData/Local/Programs/MiKTeX/tex/generic/intcalc/intcalc.sty
) (C:/Users/jmkjm/AppData/Local/Programs/MiKTeX/tex/latex/hyperref/puenc.def)
(C:/Users/jmkjm/AppData/Local/Programs/MiKTeX/tex/latex/url/url.sty)
(C:/Users/jmkjm/AppData/Local/Programs/MiKTeX/tex/generic/bitset/bitset.sty
(C:/Users/jmkjm/AppData/Local/Programs/MiKTeX/tex/generic/bigintcalc/bigintcalc
.sty)))
(C:/Users/jmkjm/AppData/Local/Programs/MiKTeX/tex/latex/hyperref/hluatex.def
(C:/Users/jmkjm/AppData/Local/Programs/MiKTeX/tex/latex/rerunfilecheck/rerunfil
echeck.sty
(C:/Users/jmkjm/AppData/Local/Programs/MiKTeX/tex/generic/uniquecounter/uniquec
ounter.sty)))
(C:/Users/jmkjm/AppData/Local/Programs/MiKTeX/tex/latex/cleveref/cleveref.sty)
==> First Aid for cleveref.sty applied!

(C:/Users/jmkjm/AppData/Local/Programs/MiKTeX/tex/latex/algorithms/algorithm.st
y (C:/Users/jmkjm/AppData/Local/Programs/MiKTeX/tex/latex/base/ifthen.sty))
(C:/Users/jmkjm/AppData/Local/Programs/MiKTeX/tex/latex/algorithmicx/algpseudoc
ode.sty
(C:/Users/jmkjm/AppData/Local/Programs/MiKTeX/tex/latex/algorithmicx/algorithmi
cx.sty
Document Style algorithmicx 1.2 - a greatly improved `algorithmic' style
)
Document Style - pseudocode environments for use with the `algorithmicx' style
)
(C:/Users/jmkjm/AppData/Local/Programs/MiKTeX/tex/latex/pgf/frontendlayer/tikz.
sty
(C:/Users/jmkjm/AppData/Local/Programs/MiKTeX/tex/latex/pgf/basiclayer/pgf.sty
(C:/Users/jmkjm/AppData/Local/Programs/MiKTeX/tex/latex/pgf/utilities/pgfrcs.st
y
(C:/Users/jmkjm/AppData/Local/Programs/MiKTeX/tex/generic/pgf/utilities/pgfutil
-common.tex)
(C:/Users/jmkjm/AppData/Local/Programs/MiKTeX/tex/generic/pgf/utilities/pgfutil
-latex.def)
(C:/Users/jmkjm/AppData/Local/Programs/MiKTeX/tex/generic/pgf/utilities/pgfrcs.
code.tex
(C:/Users/jmkjm/AppData/Local/Programs/MiKTeX/tex/generic/pgf/pgf.revision.tex)
))
(C:/Users/jmkjm/AppData/Local/Programs/MiKTeX/tex/latex/pgf/basiclayer/pgfcore.
sty
(C:/Users/jmkjm/AppData/Local/Programs/MiKTeX/tex/latex/pgf/systemlayer/pgfsys.
sty
(C:/Users/jmkjm/AppData/Local/Programs/MiKTeX/tex/generic/pgf/systemlayer/pgfsy
s.code.tex
(C:/Users/jmkjm/AppData/Local/Programs/MiKTeX/tex/generic/pgf/utilities/pgfkeys
.code.tex
(C:/Users/jmkjm/AppData/Local/Programs/MiKTeX/tex/generic/pgf/utilities/pgfkeys
libraryfiltered.code.tex))
(C:/Users/jmkjm/AppData/Local/Programs/MiKTeX/tex/generic/pgf/systemlayer/pgf.c
fg)
(C:/Users/jmkjm/AppData/Local/Programs/MiKTeX/tex/generic/pgf/systemlayer/pgfsy
s-luatex.def
(C:/Users/jmkjm/AppData/Local/Programs/MiKTeX/tex/generic/pgf/systemlayer/pgfsy
s-common-pdf.def)))
(C:/Users/jmkjm/AppData/Local/Programs/MiKTeX/tex/generic/pgf/systemlayer/pgfsy
ssoftpath.code.tex)
(C:/Users/jmkjm/AppData/Local/Programs/MiKTeX/tex/generic/pgf/systemlayer/pgfsy
sprotocol.code.tex))
(C:/Users/jmkjm/AppData/Local/Programs/MiKTeX/tex/latex/xcolor/xcolor.sty
(C:/Users/jmkjm/AppData/Local/Programs/MiKTeX/tex/latex/graphics-cfg/color.cfg)
(C:/Users/jmkjm/AppData/Local/Programs/MiKTeX/tex/latex/graphics/mathcolor.ltx)
)
(C:/Users/jmkjm/AppData/Local/Programs/MiKTeX/tex/generic/pgf/basiclayer/pgfcor
e.code.tex
(C:/Users/jmkjm/AppData/Local/Programs/MiKTeX/tex/generic/pgf/math/pgfmath.code
.tex
(C:/Users/jmkjm/AppData/Local/Programs/MiKTeX/tex/generic/pgf/math/pgfmathutil.
code.tex)
(C:/Users/jmkjm/AppData/Local/Programs/MiKTeX/tex/generic/pgf/math/pgfmathparse
r.code.tex)
(C:/Users/jmkjm/AppData/Local/Programs/MiKTeX/tex/generic/pgf/math/pgfmathfunct
ions.code.tex)
(C:/Users/jmkjm/AppData/Local/Programs/MiKTeX/tex/generic/pgf/math/pgfmathfunct
ions.basic.code.tex)
(C:/Users/jmkjm/AppData/Local/Programs/MiKTeX/tex/generic/pgf/math/pgfmathfunct
ions.trigonometric.code.tex)
(C:/Users/jmkjm/AppData/Local/Programs/MiKTeX/tex/generic/pgf/math/pgfmathfunct
ions.random.code.tex)
(C:/Users/jmkjm/AppData/Local/Programs/MiKTeX/tex/generic/pgf/math/pgfmathfunct
ions.comparison.code.tex)
(C:/Users/jmkjm/AppData/Local/Programs/MiKTeX/tex/generic/pgf/math/pgfmathfunct
ions.base.code.tex)
(C:/Users/jmkjm/AppData/Local/Programs/MiKTeX/tex/generic/pgf/math/pgfmathfunct
ions.round.code.tex)
(C:/Users/jmkjm/AppData/Local/Programs/MiKTeX/tex/generic/pgf/math/pgfmathfunct
ions.misc.code.tex)
(C:/Users/jmkjm/AppData/Local/Programs/MiKTeX/tex/generic/pgf/math/pgfmathfunct
ions.integerarithmetics.code.tex)
(C:/Users/jmkjm/AppData/Local/Programs/MiKTeX/tex/generic/pgf/math/pgfmathcalc.
code.tex)
(C:/Users/jmkjm/AppData/Local/Programs/MiKTeX/tex/generic/pgf/math/pgfmathfloat
.code.tex))
(C:/Users/jmkjm/AppData/Local/Programs/MiKTeX/tex/generic/pgf/math/pgfint.code.
tex)
(C:/Users/jmkjm/AppData/Local/Programs/MiKTeX/tex/generic/pgf/basiclayer/pgfcor
epoints.code.tex)
(C:/Users/jmkjm/AppData/Local/Programs/MiKTeX/tex/generic/pgf/basiclayer/pgfcor
epathconstruct.code.tex)
(C:/Users/jmkjm/AppData/Local/Programs/MiKTeX/tex/generic/pgf/basiclayer/pgfcor
epathusage.code.tex)
(C:/Users/jmkjm/AppData/Local/Programs/MiKTeX/tex/generic/pgf/basiclayer/pgfcor
escopes.code.tex)
(C:/Users/jmkjm/AppData/Local/Programs/MiKTeX/tex/generic/pgf/basiclayer/pgfcor
egraphicstate.code.tex)
(C:/Users/jmkjm/AppData/Local/Programs/MiKTeX/tex/generic/pgf/basiclayer/pgfcor
etransformations.code.tex)
(C:/Users/jmkjm/AppData/Local/Programs/MiKTeX/tex/generic/pgf/basiclayer/pgfcor
equick.code.tex)
(C:/Users/jmkjm/AppData/Local/Programs/MiKTeX/tex/generic/pgf/basiclayer/pgfcor
eobjects.code.tex)
(C:/Users/jmkjm/AppData/Local/Programs/MiKTeX/tex/generic/pgf/basiclayer/pgfcor
epathprocessing.code.tex)
(C:/Users/jmkjm/AppData/Local/Programs/MiKTeX/tex/generic/pgf/basiclayer/pgfcor
earrows.code.tex)
(C:/Users/jmkjm/AppData/Local/Programs/MiKTeX/tex/generic/pgf/basiclayer/pgfcor
eshade.code.tex)
(C:/Users/jmkjm/AppData/Local/Programs/MiKTeX/tex/generic/pgf/basiclayer/pgfcor
eimage.code.tex)
(C:/Users/jmkjm/AppData/Local/Programs/MiKTeX/tex/generic/pgf/basiclayer/pgfcor
eexternal.code.tex)
(C:/Users/jmkjm/AppData/Local/Programs/MiKTeX/tex/generic/pgf/basiclayer/pgfcor
elayers.code.tex)
(C:/Users/jmkjm/AppData/Local/Programs/MiKTeX/tex/generic/pgf/basiclayer/pgfcor
etransparency.code.tex)
(C:/Users/jmkjm/AppData/Local/Programs/MiKTeX/tex/generic/pgf/basiclayer/pgfcor
epatterns.code.tex)
(C:/Users/jmkjm/AppData/Local/Programs/MiKTeX/tex/generic/pgf/basiclayer/pgfcor
erdf.code.tex)))
(C:/Users/jmkjm/AppData/Local/Programs/MiKTeX/tex/generic/pgf/modules/pgfmodule
shapes.code.tex)
(C:/Users/jmkjm/AppData/Local/Programs/MiKTeX/tex/generic/pgf/modules/pgfmodule
plot.code.tex)
(C:/Users/jmkjm/AppData/Local/Programs/MiKTeX/tex/latex/pgf/compatibility/pgfco
mp-version-0-65.sty)
(C:/Users/jmkjm/AppData/Local/Programs/MiKTeX/tex/latex/pgf/compatibility/pgfco
mp-version-1-18.sty))
(C:/Users/jmkjm/AppData/Local/Programs/MiKTeX/tex/latex/pgf/utilities/pgffor.st
y
(C:/Users/jmkjm/AppData/Local/Programs/MiKTeX/tex/latex/pgf/utilities/pgfkeys.s
ty
(C:/Users/jmkjm/AppData/Local/Programs/MiKTeX/tex/generic/pgf/utilities/pgfkeys
.code.tex))
(C:/Users/jmkjm/AppData/Local/Programs/MiKTeX/tex/latex/pgf/math/pgfmath.sty
(C:/Users/jmkjm/AppData/Local/Programs/MiKTeX/tex/generic/pgf/math/pgfmath.code
.tex))
(C:/Users/jmkjm/AppData/Local/Programs/MiKTeX/tex/generic/pgf/utilities/pgffor.
code.tex))
(C:/Users/jmkjm/AppData/Local/Programs/MiKTeX/tex/generic/pgf/frontendlayer/tik
z/tikz.code.tex
(C:/Users/jmkjm/AppData/Local/Programs/MiKTeX/tex/generic/pgf/libraries/pgflibr
aryplothandlers.code.tex)
(C:/Users/jmkjm/AppData/Local/Programs/MiKTeX/tex/generic/pgf/modules/pgfmodule
matrix.code.tex)
(C:/Users/jmkjm/AppData/Local/Programs/MiKTeX/tex/generic/pgf/frontendlayer/tik
z/libraries/tikzlibrarytopaths.code.tex)))
(C:/Users/jmkjm/AppData/Local/Programs/MiKTeX/tex/latex/tikz-qtree/tikz-qtree.s
ty
(C:/Users/jmkjm/AppData/Local/Programs/MiKTeX/tex/latex/tikz-qtree/pgftree.sty
(C:/Users/jmkjm/AppData/Local/Programs/MiKTeX/tex/latex/tikz-qtree/pgfsubpic.st
y
(C:/Users/jmkjm/AppData/Local/Programs/MiKTeX/tex/generic/tikz-qtree/pgfsubpic.
tex))
(C:/Users/jmkjm/AppData/Local/Programs/MiKTeX/tex/generic/tikz-qtree/pgftree.te
x))
(C:/Users/jmkjm/AppData/Local/Programs/MiKTeX/tex/generic/tikz-qtree/tikz-qtree
.tex))
(C:/Users/jmkjm/AppData/Local/Programs/MiKTeX/tex/latex/forest/forest.sty
(C:/Users/jmkjm/AppData/Local/Programs/MiKTeX/tex/generic/pgf/frontendlayer/tik
z/libraries/tikzlibraryshapes.code.tex
(C:/Users/jmkjm/AppData/Local/Programs/MiKTeX/tex/generic/pgf/frontendlayer/tik
z/libraries/tikzlibraryshapes.geometric.code.tex
(C:/Users/jmkjm/AppData/Local/Programs/MiKTeX/tex/generic/pgf/libraries/shapes/
pgflibraryshapes.geometric.code.tex))
(C:/Users/jmkjm/AppData/Local/Programs/MiKTeX/tex/generic/pgf/frontendlayer/tik
z/libraries/tikzlibraryshapes.misc.code.tex
(C:/Users/jmkjm/AppData/Local/Programs/MiKTeX/tex/generic/pgf/libraries/shapes/
pgflibraryshapes.misc.code.tex))
(C:/Users/jmkjm/AppData/Local/Programs/MiKTeX/tex/generic/pgf/frontendlayer/tik
z/libraries/tikzlibraryshapes.symbols.code.tex
(C:/Users/jmkjm/AppData/Local/Programs/MiKTeX/tex/generic/pgf/libraries/shapes/
pgflibraryshapes.symbols.code.tex))
(C:/Users/jmkjm/AppData/Local/Programs/MiKTeX/tex/generic/pgf/frontendlayer/tik
z/libraries/tikzlibraryshapes.arrows.code.tex
(C:/Users/jmkjm/AppData/Local/Programs/MiKTeX/tex/generic/pgf/libraries/shapes/
pgflibraryshapes.arrows.code.tex))
(C:/Users/jmkjm/AppData/Local/Programs/MiKTeX/tex/generic/pgf/frontendlayer/tik
z/libraries/tikzlibraryshapes.callouts.code.tex
(C:/Users/jmkjm/AppData/Local/Programs/MiKTeX/tex/generic/pgf/libraries/shapes/
pgflibraryshapes.callouts.code.tex))
(C:/Users/jmkjm/AppData/Local/Programs/MiKTeX/tex/generic/pgf/frontendlayer/tik
z/libraries/tikzlibraryshapes.multipart.code.tex
(C:/Users/jmkjm/AppData/Local/Programs/MiKTeX/tex/generic/pgf/libraries/shapes/
pgflibraryshapes.multipart.code.tex)))
(C:/Users/jmkjm/AppData/Local/Programs/MiKTeX/tex/generic/pgf/frontendlayer/tik
z/libraries/tikzlibraryfit.code.tex)
(C:/Users/jmkjm/AppData/Local/Programs/MiKTeX/tex/generic/pgf/frontendlayer/tik
z/libraries/tikzlibrarycalc.code.tex)
(C:/Users/jmkjm/AppData/Local/Programs/MiKTeX/tex/generic/pgf/libraries/pgflibr
aryintersections.code.tex
(C:/Users/jmkjm/AppData/Local/Programs/MiKTeX/tex/generic/pgf/libraries/pgflibr
aryfpu.code.tex))
(C:/Users/jmkjm/AppData/Local/Programs/MiKTeX/tex/latex/pgfopts/pgfopts.sty)
(C:/Users/jmkjm/AppData/Local/Programs/MiKTeX/tex/latex/elocalloc/elocalloc.sty
) (C:/Users/jmkjm/AppData/Local/Programs/MiKTeX/tex/latex/environ/environ.sty
(C:/Users/jmkjm/AppData/Local/Programs/MiKTeX/tex/latex/trimspaces/trimspaces.s
ty))
(C:/Users/jmkjm/AppData/Local/Programs/MiKTeX/tex/latex/l3packages/xparse/xpars
e.sty
(C:/Users/jmkjm/AppData/Local/Programs/MiKTeX/tex/latex/l3kernel/expl3.sty
(C:/Users/jmkjm/AppData/Local/Programs/MiKTeX/tex/latex/l3backend/l3backend-lua
tex.def)))
(C:/Users/jmkjm/AppData/Local/Programs/MiKTeX/tex/latex/inlinedef/inlinedef.sty
))
(C:/Users/jmkjm/AppData/Local/Programs/MiKTeX/tex/latex/pgfplots/pgfplots.sty
(C:/Users/jmkjm/AppData/Local/Programs/MiKTeX/tex/generic/pgfplots/pgfplots.rev
ision.tex)
(C:/Users/jmkjm/AppData/Local/Programs/MiKTeX/tex/generic/pgfplots/pgfplots.cod
e.tex
(C:/Users/jmkjm/AppData/Local/Programs/MiKTeX/tex/generic/pgfplots/pgfplotscore
.code.tex
(C:/Users/jmkjm/AppData/Local/Programs/MiKTeX/tex/generic/pgfplots/sys/pgfplots
sysgeneric.code.tex))
(C:/Users/jmkjm/AppData/Local/Programs/MiKTeX/tex/generic/pgfplots/libs/pgfplot
slibrary.code.tex)
(C:/Users/jmkjm/AppData/Local/Programs/MiKTeX/tex/generic/pgfplots/oldpgfcompat
ib/pgfplotsoldpgfsupp_loader.code.tex
Package pgfplots: loading complementary utilities for your pgf version...

(C:/Users/jmkjm/AppData/Local/Programs/MiKTeX/tex/generic/pgfplots/oldpgfcompat
ib/pgfplotsoldpgfsupp_pgfutil-common-lists.tex)
(C:/Users/jmkjm/AppData/Local/Programs/MiKTeX/tex/generic/pgf/libraries/luamath
/pgflibraryluamath.code.tex))
(C:/Users/jmkjm/AppData/Local/Programs/MiKTeX/tex/generic/pgfplots/util/pgfplot
sutil.code.tex
(C:/Users/jmkjm/AppData/Local/Programs/MiKTeX/tex/generic/pgfplots/liststructur
e/pgfplotsliststructure.code.tex)
(C:/Users/jmkjm/AppData/Local/Programs/MiKTeX/tex/generic/pgfplots/liststructur
e/pgfplotsliststructureext.code.tex)
(C:/Users/jmkjm/AppData/Local/Programs/MiKTeX/tex/generic/pgfplots/liststructur
e/pgfplotsarray.code.tex)
(C:/Users/jmkjm/AppData/Local/Programs/MiKTeX/tex/generic/pgfplots/liststructur
e/pgfplotsmatrix.code.tex)
(C:/Users/jmkjm/AppData/Local/Programs/MiKTeX/tex/generic/pgfplots/numtable/pgf
plotstableshared.code.tex)
(C:/Users/jmkjm/AppData/Local/Programs/MiKTeX/tex/generic/pgfplots/liststructur
e/pgfplotsdeque.code.tex)
(C:/Users/jmkjm/AppData/Local/Programs/MiKTeX/tex/generic/pgfplots/util/pgfplot
sbinary.code.tex
(C:/Users/jmkjm/AppData/Local/Programs/MiKTeX/tex/generic/pgfplots/util/pgfplot
sbinary.data.code.tex))
(C:/Users/jmkjm/AppData/Local/Programs/MiKTeX/tex/generic/pgfplots/util/pgfplot
sutil.verb.code.tex)
(C:/Users/jmkjm/AppData/Local/Programs/MiKTeX/tex/generic/pgfplots/libs/pgflibr
arypgfplots.surfshading.code.tex
(C:/Users/jmkjm/AppData/Local/Programs/MiKTeX/tex/generic/pgfplots/sys/pgflibra
rypgfplots.surfshading.pgfsys-luatex.def)))
(C:/Users/jmkjm/AppData/Local/Programs/MiKTeX/tex/generic/pgfplots/util/pgfplot
scolormap.code.tex
(C:/Users/jmkjm/AppData/Local/Programs/MiKTeX/tex/generic/pgfplots/util/pgfplot
scolor.code.tex))
(C:/Users/jmkjm/AppData/Local/Programs/MiKTeX/tex/generic/pgfplots/pgfplotsstac
kedplots.code.tex)
(C:/Users/jmkjm/AppData/Local/Programs/MiKTeX/tex/generic/pgfplots/pgfplotsplot
handlers.code.tex
(C:/Users/jmkjm/AppData/Local/Programs/MiKTeX/tex/generic/pgfplots/pgfplotsmesh
plothandler.code.tex
(C:/Users/jmkjm/AppData/Local/Programs/MiKTeX/tex/generic/pgfplots/pgfplotsmesh
plotimage.code.tex)))
(C:/Users/jmkjm/AppData/Local/Programs/MiKTeX/tex/generic/pgfplots/pgfplots.sca
ling.code.tex)
(C:/Users/jmkjm/AppData/Local/Programs/MiKTeX/tex/generic/pgfplots/pgfplotscoor
dprocessing.code.tex)
(C:/Users/jmkjm/AppData/Local/Programs/MiKTeX/tex/generic/pgfplots/pgfplots.err
orbars.code.tex)
(C:/Users/jmkjm/AppData/Local/Programs/MiKTeX/tex/generic/pgfplots/pgfplots.mar
kers.code.tex)
(C:/Users/jmkjm/AppData/Local/Programs/MiKTeX/tex/generic/pgfplots/pgfplotstick
s.code.tex)
(C:/Users/jmkjm/AppData/Local/Programs/MiKTeX/tex/generic/pgfplots/pgfplots.pat
hs.code.tex)
(C:/Users/jmkjm/AppData/Local/Programs/MiKTeX/tex/generic/pgf/frontendlayer/tik
z/libraries/tikzlibrarydecorations.code.tex
(C:/Users/jmkjm/AppData/Local/Programs/MiKTeX/tex/generic/pgf/modules/pgfmodule
decorations.code.tex))
(C:/Users/jmkjm/AppData/Local/Programs/MiKTeX/tex/generic/pgf/frontendlayer/tik
z/libraries/tikzlibrarydecorations.pathmorphing.code.tex
(C:/Users/jmkjm/AppData/Local/Programs/MiKTeX/tex/generic/pgf/libraries/decorat
ions/pgflibrarydecorations.pathmorphing.code.tex))
(C:/Users/jmkjm/AppData/Local/Programs/MiKTeX/tex/generic/pgf/frontendlayer/tik
z/libraries/tikzlibrarydecorations.pathreplacing.code.tex
(C:/Users/jmkjm/AppData/Local/Programs/MiKTeX/tex/generic/pgf/libraries/decorat
ions/pgflibrarydecorations.pathreplacing.code.tex))
(C:/Users/jmkjm/AppData/Local/Programs/MiKTeX/tex/generic/pgfplots/libs/tikzlib
rarypgfplots.contourlua.code.tex))
(C:/Users/jmkjm/AppData/Local/Programs/MiKTeX/tex/generic/pgf/frontendlayer/tik
z/libraries/tikzlibraryplotmarks.code.tex
(C:/Users/jmkjm/AppData/Local/Programs/MiKTeX/tex/generic/pgf/libraries/pgflibr
aryplotmarks.code.tex)))
(C:/Users/jmkjm/AppData/Local/Programs/MiKTeX/tex/latex/pgfplots/pgfplotstable.
sty
(C:/Users/jmkjm/AppData/Local/Programs/MiKTeX/tex/generic/pgfplots/pgfplots.rev
ision.tex)
(C:/Users/jmkjm/AppData/Local/Programs/MiKTeX/tex/generic/pgfplots/numtable/pgf
plotstable.code.tex
(C:/Users/jmkjm/AppData/Local/Programs/MiKTeX/tex/generic/pgfplots/numtable/pgf
plotstable.coltype.code.tex)))
(C:/Users/jmkjm/AppData/Local/Programs/MiKTeX/tex/generic/pgfplots/libs/tikzlib
rarypgfplots.groupplots.code.tex)
(C:/Users/jmkjm/AppData/Local/Programs/MiKTeX/tex/generic/pgfplots/libs/tikzlib
rarypgfplots.fillbetween.code.tex
(C:/Users/jmkjm/AppData/Local/Programs/MiKTeX/tex/generic/pgfplots/pgfcontrib/t
ikzlibraryfillbetween.code.tex
(C:/Users/jmkjm/AppData/Local/Programs/MiKTeX/tex/generic/pgf/frontendlayer/tik
z/libraries/tikzlibraryintersections.code.tex)
(C:/Users/jmkjm/AppData/Local/Programs/MiKTeX/tex/generic/pgfplots/pgfcontrib/t
ikzlibrarydecorations.softclip.code.tex
(C:/Users/jmkjm/AppData/Local/Programs/MiKTeX/tex/generic/pgfplots/pgfcontrib/p
gflibraryfillbetween.code.tex)))
(C:/Users/jmkjm/AppData/Local/Programs/MiKTeX/tex/generic/pgfplots/libs/tikzlib
rarypgfplots.decorations.softclip.code.tex))
(C:/Users/jmkjm/AppData/Local/Programs/MiKTeX/tex/latex/circuitikz/circuitikz.s
ty
(C:/Users/jmkjm/AppData/Local/Programs/MiKTeX/tex/generic/pgf/libraries/pgflibr
aryarrows.meta.code.tex)
(C:/Users/jmkjm/AppData/Local/Programs/MiKTeX/tex/generic/pgf/frontendlayer/tik
z/libraries/tikzlibrarybending.code.tex
(C:/Users/jmkjm/AppData/Local/Programs/MiKTeX/tex/generic/pgf/modules/pgfmodule
bending.code.tex
(C:/Users/jmkjm/AppData/Local/Programs/MiKTeX/tex/generic/pgf/modules/pgfmodule
nonlineartransformations.code.tex)
(C:/Users/jmkjm/AppData/Local/Programs/MiKTeX/tex/generic/pgf/libraries/pgflibr
arycurvilinear.code.tex)))
(C:/Users/jmkjm/AppData/Local/Programs/MiKTeX/tex/generic/pgf/frontendlayer/tik
z/libraries/tikzlibraryfpu.code.tex)
(C:/Users/jmkjm/AppData/Local/Programs/MiKTeX/tex/generic/circuitikz/pgfcirc.de
fines.tex)
(C:/Users/jmkjm/AppData/Local/Programs/MiKTeX/tex/generic/circuitikz/pgfcircuti
ls.tex)
(C:/Users/jmkjm/AppData/Local/Programs/MiKTeX/tex/generic/circuitikz/pgfcircpat
h.tex)
(C:/Users/jmkjm/AppData/Local/Programs/MiKTeX/tex/generic/circuitikz/pgfcircsha
pes.tex)
(C:/Users/jmkjm/AppData/Local/Programs/MiKTeX/tex/generic/circuitikz/pgfcircmon
opoles.tex)
(C:/Users/jmkjm/AppData/Local/Programs/MiKTeX/tex/generic/circuitikz/pgfcircbip
oles.tex)
(C:/Users/jmkjm/AppData/Local/Programs/MiKTeX/tex/generic/circuitikz/pgfcirctri
poles.tex)
(C:/Users/jmkjm/AppData/Local/Programs/MiKTeX/tex/generic/circuitikz/pgfcircqua
dpoles.tex)
(C:/Users/jmkjm/AppData/Local/Programs/MiKTeX/tex/generic/circuitikz/pgfcircmul
tipoles.tex)
(C:/Users/jmkjm/AppData/Local/Programs/MiKTeX/tex/generic/circuitikz/pgfcirclab
el.tex)
(C:/Users/jmkjm/AppData/Local/Programs/MiKTeX/tex/generic/circuitikz/pgfcircvol
tage.tex)
(C:/Users/jmkjm/AppData/Local/Programs/MiKTeX/tex/generic/circuitikz/pgfcirccur
rent.tex)
(C:/Users/jmkjm/AppData/Local/Programs/MiKTeX/tex/generic/circuitikz/pgfcircflo
w.tex))
(C:/Users/jmkjm/AppData/Local/Programs/MiKTeX/tex/latex/listings/listings.sty
(C:/Users/jmkjm/AppData/Local/Programs/MiKTeX/tex/latex/listings/lstpatch.sty)
(C:/Users/jmkjm/AppData/Local/Programs/MiKTeX/tex/latex/listings/lstmisc.sty)
(C:/Users/jmkjm/AppData/Local/Programs/MiKTeX/tex/latex/listings/listings.cfg))
==> First Aid for listings.sty no longer applied!
    Expected:
        2024/09/23 1.10c (Carsten Heinz)
    but found:
        2025/11/14 1.11b (Carsten Heinz)
    so I'm assuming it got fixed.
(C:/Users/jmkjm/AppData/Local/Programs/MiKTeX/tex/latex/mdframed/mdframed.sty
(C:/Users/jmkjm/AppData/Local/Programs/MiKTeX/tex/latex/zref/zref-abspage.sty
(C:/Users/jmkjm/AppData/Local/Programs/MiKTeX/tex/latex/zref/zref-base.sty
(C:/Users/jmkjm/AppData/Local/Programs/MiKTeX/tex/generic/etexcmds/etexcmds.sty
) (C:/Users/jmkjm/AppData/Local/Programs/MiKTeX/tex/latex/auxhook/auxhook.sty))
)
(C:/Users/jmkjm/AppData/Local/Programs/MiKTeX/tex/latex/needspace/needspace.sty
)
(C:/Users/jmkjm/AppData/Local/Programs/MiKTeX/tex/latex/mdframed/md-frame-0.mdf
))
(C:/Users/jmkjm/AppData/Local/Programs/MiKTeX/tex/latex/tcolorbox/tcolorbox.sty
(C:/Users/jmkjm/AppData/Local/Programs/MiKTeX/tex/latex/tools/verbatim.sty))
(C:/Users/jmkjm/AppData/Local/Programs/MiKTeX/tex/latex/enumitem/enumitem.sty)
(C:/Users/jmkjm/AppData/Local/Programs/MiKTeX/tex/latex/csquotes/csquotes.sty
(C:/Users/jmkjm/AppData/Local/Programs/MiKTeX/tex/latex/csquotes/csquotes.def)
(C:/Users/jmkjm/AppData/Local/Programs/MiKTeX/tex/latex/csquotes/csquotes.cfg))
 (C:/Users/jmkjm/AppData/Local/Programs/MiKTeX/tex/latex/acro/acro.sty
(C:/Users/jmkjm/AppData/Local/Programs/MiKTeX/tex/latex/l3packages/l3keys2e/l3k
eys2e.sty)
(C:/Users/jmkjm/AppData/Local/Programs/MiKTeX/tex/latex/translations/translatio
ns.sty))
==> First Aid for acro.sty applied!

(C:/Users/jmkjm/AppData/Local/Programs/MiKTeX/tex/latex/glossaries/base/glossar
ies.sty
(C:/Users/jmkjm/AppData/Local/Programs/MiKTeX/tex/latex/xkeyval/xkeyval.sty
(C:/Users/jmkjm/AppData/Local/Programs/MiKTeX/tex/generic/xkeyval/xkeyval.tex
(C:/Users/jmkjm/AppData/Local/Programs/MiKTeX/tex/generic/xkeyval/xkvutils.tex)
))
(C:/Users/jmkjm/AppData/Local/Programs/MiKTeX/tex/latex/mfirstuc/mfirstuc.sty)
(C:/Users/jmkjm/AppData/Local/Programs/MiKTeX/tex/latex/xfor/xfor.sty)
(C:/Users/jmkjm/AppData/Local/Programs/MiKTeX/tex/latex/tracklang/tracklang.sty

(C:/Users/jmkjm/AppData/Local/Programs/MiKTeX/tex/generic/tracklang/tracklang.t
ex))
(C:/Users/jmkjm/AppData/Local/Programs/MiKTeX/tex/latex/translator/translator.s
ty)
(C:/Users/jmkjm/AppData/Local/Programs/MiKTeX/tex/latex/glossaries-english/glos
saries-english.ldf)
(C:/Users/jmkjm/AppData/Local/Programs/MiKTeX/tex/latex/datatool/datatool-base.
sty
(C:/Users/jmkjm/AppData/Local/Programs/MiKTeX/tex/latex/datatool/datatool-lua.d
ef)
(C:/Users/jmkjm/AppData/Local/Programs/MiKTeX/tex/latex/datatool/datatool-utf8.
ldf)

Package tracklang Warning: No `datatool' support for dialect `english'  on inpu
t line 9924.

)
(C:/Users/jmkjm/AppData/Local/Programs/MiKTeX/tex/latex/glossaries/styles/gloss
ary-hypernav.sty)
(C:/Users/jmkjm/AppData/Local/Programs/MiKTeX/tex/latex/glossaries/styles/gloss
ary-list.sty)
(C:/Users/jmkjm/AppData/Local/Programs/MiKTeX/tex/latex/glossaries/styles/gloss
ary-long.sty)
(C:/Users/jmkjm/AppData/Local/Programs/MiKTeX/tex/latex/glossaries/styles/gloss
ary-super.sty
(C:/Users/jmkjm/AppData/Local/Programs/MiKTeX/tex/latex/supertabular/supertabul
ar.sty))
(C:/Users/jmkjm/AppData/Local/Programs/MiKTeX/tex/latex/glossaries/styles/gloss
ary-tree.sty))
(C:/Users/jmkjm/AppData/Local/Programs/MiKTeX/tex/latex/base/makeidx.sty)
(C:/Users/jmkjm/AppData/Local/Programs/MiKTeX/tex/latex/appendix/appendix.sty)
(C:/Users/jmkjm/AppData/Local/Programs/MiKTeX/tex/latex/tools/afterpage.sty)
(C:/Users/jmkjm/AppData/Local/Programs/MiKTeX/tex/latex/graphics/rotating.sty)
(C:/Users/jmkjm/AppData/Local/Programs/MiKTeX/tex/latex/graphics/lscape.sty)
(C:/Users/jmkjm/AppData/Local/Programs/MiKTeX/tex/latex/colortbl/colortbl.sty)
(C:/Users/jmkjm/AppData/Local/Programs/MiKTeX/tex/latex/tools/hhline.sty)
(C:/Users/jmkjm/AppData/Local/Programs/MiKTeX/tex/latex/threeparttable/threepar
ttable.sty)
(C:/Users/jmkjm/AppData/Local/Programs/MiKTeX/tex/latex/siunitx/siunitx.sty)
(C:/Users/jmkjm/AppData/Local/Programs/MiKTeX/tex/latex/physics/physics.sty)
(C:/Users/jmkjm/AppData/Local/Programs/MiKTeX/tex/latex/tools/bm.sty)
(C:/Users/jmkjm/AppData/Local/Programs/MiKTeX/tex/latex/bbm/bbm.sty)
(C:/Users/jmkjm/AppData/Local/Programs/MiKTeX/tex/latex/stmaryrd/stmaryrd.sty)
(C:/Users/jmkjm/AppData/Local/Programs/MiKTeX/tex/latex/turnstile/turnstile.sty
) (C:/Users/jmkjm/AppData/Local/Programs/MiKTeX/tex/latex/lkproof/proof.sty)
(C:/Users/jmkjm/AppData/Local/Programs/MiKTeX/tex/latex/bussproofs/bussproofs.s
ty
Proof Tree (bussproofs) style macros. Version 1.1.
)
(C:/Users/jmkjm/AppData/Local/Programs/MiKTeX/tex/latex/mathpartir/mathpartir.s
ty)
(C:/Users/jmkjm/AppData/Local/Programs/MiKTeX/tex/latex/logicproof/logicproof.s
ty) (C:/Users/jmkjm/AppData/Local/Programs/MiKTeX/tex/latex/natbib/natbib.sty)
(C:/Users/jmkjm/AppData/Local/Programs/MiKTeX/tex/latex/natbib/bibentry.sty)
(C:/Users/jmkjm/AppData/Local/Programs/MiKTeX/tex/latex/doi/doi.sty)
(C:/Users/jmkjm/AppData/Local/Programs/MiKTeX/tex/latex/orcidlink/orcidlink.sty

(C:/Users/jmkjm/AppData/Local/Programs/MiKTeX/tex/generic/pgf/frontendlayer/tik
z/libraries/tikzlibrarysvg.path.code.tex
(C:/Users/jmkjm/AppData/Local/Programs/MiKTeX/tex/generic/pgf/libraries/pgflibr
arysvg.path.code.tex
(C:/Users/jmkjm/AppData/Local/Programs/MiKTeX/tex/generic/pgf/modules/pgfmodule
parser.code.tex))))
(C:/Users/jmkjm/AppData/Local/Programs/MiKTeX/tex/latex/preprint/authblk.sty)
(C:/Users/jmkjm/AppData/Local/Programs/MiKTeX/tex/latex/geometry/geometry.sty
(C:/Users/jmkjm/AppData/Local/Programs/MiKTeX/tex/generic/iftex/ifvtex.sty)
(C:/Users/jmkjm/AppData/Local/Programs/MiKTeX/tex/latex/geometry/geometry.cfg))
 (C:/Users/jmkjm/AppData/Local/Programs/MiKTeX/tex/latex/fancyhdr/fancyhdr.sty)
 (C:/Users/jmkjm/AppData/Local/Programs/MiKTeX/tex/latex/titlesec/titlesec.sty)
 (C:/Users/jmkjm/AppData/Local/Programs/MiKTeX/tex/latex/titlesec/titletoc.sty)
 (C:/Users/jmkjm/AppData/Local/Programs/MiKTeX/tex/latex/minitoc/minitoc.sty
(C:/Users/jmkjm/AppData/Local/Programs/MiKTeX/tex/latex/minitoc/mtcmess.sty)
(C:/Users/jmkjm/Documents/2026년_정민규_활동자료/FOLDING_JIMIJIMI/LLMWi
ki/build/LLMWiki.mtc0)
(C:/Users/jmkjm/AppData/Local/Programs/MiKTeX/tex/latex/minitoc/english.mld)
(C:/Users/jmkjm/AppData/Local/Programs/MiKTeX/tex/latex/minitoc/english.mld))
(C:/Users/jmkjm/AppData/Local/Programs/MiKTeX/tex/latex/tocloft/tocloft.sty)
(C:/Users/jmkjm/AppData/Local/Programs/MiKTeX/tex/latex/quotchap/quotchap.sty)
(C:/Users/jmkjm/AppData/Local/Programs/MiKTeX/tex/latex/epigraph/epigraph.sty
(C:/Users/jmkjm/AppData/Local/Programs/MiKTeX/tex/latex/nextpage/nextpage.sty))
 (C:/Users/jmkjm/AppData/Local/Programs/MiKTeX/tex/latex/ccicons/ccicons.sty)
(C:/Users/jmkjm/AppData/Local/Programs/MiKTeX/tex/latex/fontawesome5/fontawesom
e5.sty
(C:/Users/jmkjm/AppData/Local/Programs/MiKTeX/tex/latex/fontawesome5/fontawesom
e5-utex-helper.sty
(C:/Users/jmkjm/AppData/Local/Programs/MiKTeX/tex/luatex/luatexbase/luatexbase.
sty
(C:/Users/jmkjm/AppData/Local/Programs/MiKTeX/tex/luatex/ctablestack/ctablestac
k.sty))
(C:/Users/jmkjm/AppData/Local/Programs/MiKTeX/tex/latex/fontawesome5/tufontawes
omefree.fd)
(C:/Users/jmkjm/AppData/Local/Programs/MiKTeX/tex/latex/fontawesome5/tufontawes
omebrands.fd)))
(C:/Users/jmkjm/AppData/Local/Programs/MiKTeX/tex/fonts/academicons/academicons
.sty
(C:/Users/jmkjm/AppData/Local/Programs/MiKTeX/tex/latex/fontspec/fontspec.sty
(C:/Users/jmkjm/AppData/Local/Programs/MiKTeX/tex/latex/fontspec/fontspec-luate
x.sty (C:/Users/jmkjm/AppData/Local/Programs/MiKTeX/tex/latex/base/fontenc.sty)
 (C:/Users/jmkjm/AppData/Local/Programs/MiKTeX/tex/latex/fontspec/fontspec.cfg)
))
luaotfload | db : Reload initiated (formats: otf,ttf,ttc); reason: Font "academicons" not found.
(C:/Users/jmkjm/AppData/Local/Programs/MiKTeX/tex/fonts/academicons/academicons
-xeluatex.tex)
(C:/Users/jmkjm/AppData/Local/Programs/MiKTeX/tex/fonts/academicons/academicons
-generic.tex))
(C:/Users/jmkjm/AppData/Local/Programs/MiKTeX/tex/latex/unicode-math/unicode-ma
th.sty
(C:/Users/jmkjm/AppData/Local/Programs/MiKTeX/tex/latex/unicode-math/unicode-ma
th-luatex.sty
(C:/Users/jmkjm/AppData/Local/Programs/MiKTeX/tex/latex/base/fix-cm.sty
(C:/Users/jmkjm/AppData/Local/Programs/MiKTeX/tex/latex/base/ts1enc.def))
(C:/Users/jmkjm/AppData/Local/Programs/MiKTeX/tex/lualatex/lualatex-math/lualat
ex-math.sty)
(C:/Users/jmkjm/AppData/Local/Programs/MiKTeX/tex/latex/unicode-math/unicode-ma
th-table.tex)))

./LLMWiki.tex:298: LaTeX Error: Missing \begin{document}.

See the LaTeX manual or LaTeX Companion for explanation.
Type  H <return>  for immediate help.
 ...                                              
                                                  
l.298 ...\color{LLMWikiAccent}{\hrule height 1pt}]
                                                  
 1136 words of node memory still in use:
   10 hlist, 4 rule, 1 local_par, 1 dir, 4 glue, 3 kern, 1 glyph, 16 attribute,
 160 glue_spec, 16 attribute_list, 1 temp, 3 write, 2 pdf_colorstack nodes
   avail lists: 1:1,2:31,3:1,5:5,7:2,8:2
./LLMWiki.tex:298:  ==> Fatal error occurred, no output PDF file produced!
Transcript written on LLMWiki.log.
latexmk.exe : lualatex: major issue: So far, you have not checked for MiKTeX updates.
At line:3 char:1
+ & latexmk LLMWiki.tex *> build_run.log
+ ~~~~~~~~~~~~~~~~~~~~~~~~~~~~~~~~~~~~~~
    + CategoryInfo          : NotSpecified: (lualatex: major...MiKTeX updates.:String) [], RemoteExc 
   eption
    + FullyQualifiedErrorId : NativeCommandError
 
Latexmk: Getting log file 'build/LLMWiki.log'
Latexmk: Examining 'build/LLMWiki.fls'
Latexmk: Examining 'build/LLMWiki.log'
Latexmk: Errors, so I did not complete making targets
Collected error summary (may duplicate other messages):
  lualatex: Command for 'lualatex' gave return code 1
      Refer to 'build/LLMWiki.log' and/or above output for details

Latexmk: Sometimes, the -f option can be used to get latexmk
  to try to force complete processing.
  But normally, you will need to correct the file(s) that caused the
  error, and then rerun latexmk.
  In some cases, it is best to clean out generated files before rerunning
  latexmk after you've corrected the files.
Reverting Windows console CPs to (in,out) = (65001,65001)
latexmk: major issue: So far, you have not checked for MiKTeX updates.
