\BOOKMARK [-1][]{part.1}{\376\377\000I\000\040\000F\000o\000u\000n\000d\000a\000t\000i\000o\000n\000\040\000a\000n\000d\000\040\000A\000r\000c\000h\000i\000t\000e\000c\000t\000u\000r\000e}{}% 1
\BOOKMARK [0][]{chapter.1}{\376\377\000A\000r\000c\000h\000i\000t\000e\000c\000t\000u\000r\000e}{part.1}% 2
\BOOKMARK [1][]{section.1.1}{\376\377\000D\000e\000s\000i\000g\000n\000\040\000P\000h\000i\000l\000o\000s\000o\000p\000h\000y}{chapter.1}% 3
\BOOKMARK [1][]{section.1.2}{\376\377\000T\000h\000r\000e\000e\000-\000L\000a\000y\000e\000r\000\040\000A\000r\000c\000h\000i\000t\000e\000c\000t\000u\000r\000e}{chapter.1}% 4
\BOOKMARK [2][]{subsection.1.2.1}{\376\377\000L\000a\000y\000e\000r\000\040\0001\000:\000\040\000I\000n\000g\000e\000s\000t\000i\000o\000n\000\040\000P\000i\000p\000e\000l\000i\000n\000e}{section.1.2}% 5
\BOOKMARK [2][]{subsection.1.2.2}{\376\377\000L\000a\000y\000e\000r\000\040\0002\000:\000\040\000C\000o\000r\000e\000\040\000K\000n\000o\000w\000l\000e\000d\000g\000e\000\040\000S\000p\000a\000c\000e}{section.1.2}% 6
\BOOKMARK [2][]{subsection.1.2.3}{\376\377\000L\000a\000y\000e\000r\000\040\0003\000:\000\040\000Q\000u\000e\000r\000y\000\040\000a\000n\000d\000\040\000E\000x\000e\000c\000u\000t\000i\000o\000n}{section.1.2}% 7
\BOOKMARK [1][]{section.1.3}{\376\377\000F\000i\000l\000e\000s\000y\000s\000t\000e\000m\000\040\000a\000s\000\040\000W\000r\000i\000t\000e\000-\000A\000h\000e\000a\000d\000\040\000L\000o\000g}{chapter.1}% 8
\BOOKMARK [2][]{subsection.1.3.1}{\376\377\000D\000i\000r\000e\000c\000t\000o\000r\000y\000\040\000L\000a\000y\000o\000u\000t}{section.1.3}% 9
\BOOKMARK [1][]{section.1.4}{\376\377\000D\000a\000t\000a\000\040\000F\000l\000o\000w\000\040\000A\000r\000c\000h\000i\000t\000e\000c\000t\000u\000r\000e}{chapter.1}% 10
\BOOKMARK [2][]{subsection.1.4.1}{\376\377\000I\000n\000g\000e\000s\000t\000i\000o\000n\000\040\000P\000i\000p\000e\000l\000i\000n\000e}{section.1.4}% 11
\BOOKMARK [2][]{subsection.1.4.2}{\376\377\000Q\000u\000e\000r\000y\000\040\000P\000i\000p\000e\000l\000i\000n\000e}{section.1.4}% 12
\BOOKMARK [1][]{section.1.5}{\376\377\000C\000o\000r\000e\000\040\000I\000n\000v\000a\000r\000i\000a\000n\000t\000s}{chapter.1}% 13
\BOOKMARK [1][]{section.1.6}{\376\377\000T\000h\000e\000\040\000F\000i\000l\000e\000s\000y\000s\000t\000e\000m\000\040\000a\000s\000\040\000L\000i\000n\000e\000a\000g\000e\000\040\000R\000e\000c\000o\000r\000d\000e\000r}{chapter.1}% 14
\BOOKMARK [1][]{section.1.7}{\376\377\000C\000o\000m\000p\000a\000r\000i\000s\000o\000n\000\040\000w\000i\000t\000h\000\040\000P\000r\000i\000o\000r\000\040\000A\000r\000t}{chapter.1}% 15
\BOOKMARK [1][]{section.1.8}{\376\377\000P\000a\000t\000e\000n\000t\000-\000R\000e\000l\000e\000v\000a\000n\000t\000\040\000N\000o\000v\000e\000l\000t\000y}{chapter.1}% 16
\BOOKMARK [1][]{section.1.9}{\376\377\000M\000o\000d\000u\000l\000e\000\040\000I\000n\000t\000e\000r\000f\000a\000c\000e\000\040\000C\000o\000n\000t\000r\000a\000c\000t\000s}{chapter.1}% 17
\BOOKMARK [1][]{section.1.10}{\376\377\000R\000u\000n\000t\000i\000m\000e\000\040\000C\000o\000n\000f\000i\000g\000u\000r\000a\000t\000i\000o\000n}{chapter.1}% 18
\BOOKMARK [1][]{section.1.11}{\376\377\000E\000x\000t\000e\000n\000s\000i\000o\000n\000\040\000P\000o\000i\000n\000t\000s}{chapter.1}% 19
\BOOKMARK [1][]{section.1.12}{\376\377\000S\000u\000m\000m\000a\000r\000y}{chapter.1}% 20
\BOOKMARK [0][]{chapter.2}{\376\377\000S\000e\000m\000a\000n\000t\000i\000c\000\040\000P\000a\000r\000s\000i\000n\000g}{part.1}% 21
\BOOKMARK [1][]{section.2.1}{\376\377\000D\000e\000s\000i\000g\000n\000\040\000G\000o\000a\000l\000s}{chapter.2}% 22
\BOOKMARK [1][]{section.2.2}{\376\377\000P\000a\000r\000s\000e\000r\000\040\000A\000r\000c\000h\000i\000t\000e\000c\000t\000u\000r\000e}{chapter.2}% 23
\BOOKMARK [2][]{subsection.2.2.1}{\376\377\000P\000a\000r\000s\000e\000r\000\040\000T\000r\000a\000i\000t}{section.2.2}% 24
\BOOKMARK [2][]{subsection.2.2.2}{\376\377\000P\000a\000r\000s\000e\000r\000\040\000R\000e\000g\000i\000s\000t\000r\000y}{section.2.2}% 25
\BOOKMARK [1][]{section.2.3}{\376\377\000S\000e\000m\000a\000n\000t\000i\000c\000\040\000U\000n\000i\000t\000\040\000M\000o\000d\000e\000l}{chapter.2}% 26
\BOOKMARK [2][]{subsection.2.3.1}{\376\377\000U\000n\000i\000t\000\040\000T\000y\000p\000e\000\040\000T\000a\000x\000o\000n\000o\000m\000y}{section.2.3}% 27
\BOOKMARK [2][]{subsection.2.3.2}{\376\377\000M\000e\000t\000a\000d\000a\000t\000a\000\040\000S\000c\000h\000e\000m\000a}{section.2.3}% 28
\BOOKMARK [2][]{subsection.2.3.3}{\376\377\000C\000a\000n\000o\000n\000i\000c\000a\000l\000i\000z\000a\000t\000i\000o\000n}{section.2.3}% 29
\BOOKMARK [1][]{section.2.4}{\376\377\000L\000a\000n\000g\000u\000a\000g\000e\000-\000S\000p\000e\000c\000i\000f\000i\000c\000\040\000P\000a\000r\000s\000e\000r\000s}{chapter.2}% 30
\BOOKMARK [2][]{subsection.2.4.1}{\376\377\000T\000r\000e\000e\000-\000s\000i\000t\000t\000e\000r\000\040\000B\000a\000s\000e\000d\000\040\000P\000a\000r\000s\000e\000r\000s\000\040\000\050\000C\000o\000d\000e\000\051}{section.2.4}% 31
\BOOKMARK [3][]{subsubsection.2.4.1.1}{\376\377\000S\000u\000p\000p\000o\000r\000t\000e\000d\000\040\000L\000a\000n\000g\000u\000a\000g\000e\000s}{subsection.2.4.1}% 32
\BOOKMARK [2][]{subsection.2.4.2}{\376\377\000M\000a\000r\000k\000d\000o\000w\000n\000\040\000P\000a\000r\000s\000e\000r}{section.2.4}% 33
\BOOKMARK [2][]{subsection.2.4.3}{\376\377\000P\000D\000F\000\040\000P\000a\000r\000s\000e\000r}{section.2.4}% 34
\BOOKMARK [2][]{subsection.2.4.4}{\376\377\000O\000p\000e\000n\000A\000P\000I\000\040\000/\000\040\000A\000s\000y\000n\000c\000A\000P\000I\000\040\000P\000a\000r\000s\000e\000r}{section.2.4}% 35
\BOOKMARK [2][]{subsection.2.4.5}{\376\377\000S\000Q\000L\000\040\000D\000D\000L\000\040\000P\000a\000r\000s\000e\000r}{section.2.4}% 36
\BOOKMARK [2][]{subsection.2.4.6}{\376\377\000S\000t\000r\000u\000c\000t\000u\000r\000e\000d\000\040\000D\000a\000t\000a\000\040\000P\000a\000r\000s\000e\000r\000\040\000\050\000Y\000A\000M\000L\000/\000J\000S\000O\000N\000/\000T\000O\000M\000L\000\051}{section.2.4}% 37
\BOOKMARK [1][]{section.2.5}{\376\377\000S\000t\000r\000u\000c\000t\000u\000r\000e\000-\000A\000w\000a\000r\000e\000\040\000C\000h\000u\000n\000k\000i\000n\000g}{chapter.2}% 38
\BOOKMARK [2][]{subsection.2.5.1}{\376\377\000H\000i\000e\000r\000a\000r\000c\000h\000i\000c\000a\000l\000\040\000C\000h\000u\000n\000k\000i\000n\000g\000\040\000A\000l\000g\000o\000r\000i\000t\000h\000m}{section.2.5}% 39
\BOOKMARK [2][]{subsection.2.5.2}{\376\377\000S\000l\000i\000d\000i\000n\000g\000\040\000W\000i\000n\000d\000o\000w\000\040\000\050\000F\000a\000l\000l\000b\000a\000c\000k\000\051}{section.2.5}% 40
\BOOKMARK [2][]{subsection.2.5.3}{\376\377\000S\000e\000m\000a\000n\000t\000i\000c\000\040\000C\000h\000u\000n\000k\000i\000n\000g\000\040\000\050\000E\000x\000p\000e\000r\000i\000m\000e\000n\000t\000a\000l\000\051}{section.2.5}% 41
\BOOKMARK [2][]{subsection.2.5.4}{\376\377\000S\000c\000a\000l\000e\000-\000F\000r\000e\000e\000\040\000C\000h\000u\000n\000k\000i\000n\000g\000\040\000b\000y\000\040\000G\000r\000a\000p\000h\000\040\000R\000e\000n\000o\000r\000m\000a\000l\000i\000z\000a\000t\000i\000o\000n}{section.2.5}% 42
\BOOKMARK [1][]{section.2.6}{\376\377\000E\000n\000t\000i\000t\000y\000\040\000a\000n\000d\000\040\000R\000e\000l\000a\000t\000i\000o\000n\000\040\000E\000x\000t\000r\000a\000c\000t\000i\000o\000n}{chapter.2}% 43
\BOOKMARK [2][]{subsection.2.6.1}{\376\377\000R\000u\000l\000e\000-\000B\000a\000s\000e\000d\000\040\000E\000x\000t\000r\000a\000c\000t\000i\000o\000n}{section.2.6}% 44
\BOOKMARK [2][]{subsection.2.6.2}{\376\377\000L\000L\000M\000-\000A\000s\000s\000i\000s\000t\000e\000d\000\040\000E\000x\000t\000r\000a\000c\000t\000i\000o\000n\000\040\000\050\000O\000p\000t\000i\000o\000n\000a\000l\000\051}{section.2.6}% 45
\BOOKMARK [2][]{subsection.2.6.3}{\376\377\000E\000n\000t\000i\000t\000y\000\040\000R\000e\000s\000o\000l\000u\000t\000i\000o\000n}{section.2.6}% 46
\BOOKMARK [1][]{section.2.7}{\376\377\000I\000n\000c\000r\000e\000m\000e\000n\000t\000a\000l\000\040\000P\000a\000r\000s\000i\000n\000g}{chapter.2}% 47
\BOOKMARK [1][]{section.2.8}{\376\377\000E\000m\000b\000e\000d\000d\000i\000n\000g\000\040\000G\000e\000n\000e\000r\000a\000t\000i\000o\000n}{chapter.2}% 48
\BOOKMARK [2][]{subsection.2.8.1}{\376\377\000S\000u\000p\000p\000o\000r\000t\000e\000d\000\040\000M\000o\000d\000e\000l\000s}{section.2.8}% 49
\BOOKMARK [2][]{subsection.2.8.2}{\376\377\000B\000a\000t\000c\000h\000\040\000I\000n\000f\000e\000r\000e\000n\000c\000e}{section.2.8}% 50
\BOOKMARK [1][]{section.2.9}{\376\377\000P\000a\000r\000s\000e\000r\000\040\000E\000x\000t\000e\000n\000s\000i\000b\000i\000l\000i\000t\000y\000\040\000G\000u\000i\000d\000e}{chapter.2}% 51
\BOOKMARK [1][]{section.2.10}{\376\377\000S\000u\000m\000m\000a\000r\000y}{chapter.2}% 52
\BOOKMARK [0][]{chapter.3}{\376\377\000K\000n\000o\000w\000l\000e\000d\000g\000e\000\040\000G\000r\000a\000p\000h\000\040\000\046\000\040\000S\000e\000m\000a\000n\000t\000i\000c\000\040\000I\000n\000d\000e\000x}{part.1}% 53
\BOOKMARK [1][]{section.3.1}{\376\377\000K\000n\000o\000w\000l\000e\000d\000g\000e\000\040\000G\000r\000a\000p\000h}{chapter.3}% 54
\BOOKMARK [2][]{subsection.3.1.1}{\376\377\000D\000a\000t\000a\000\040\000M\000o\000d\000e\000l}{section.3.1}% 55
\BOOKMARK [2][]{subsection.3.1.2}{\376\377\000G\000r\000a\000p\000h\000\040\000S\000t\000o\000r\000e\000\040\000B\000a\000c\000k\000e\000n\000d}{section.3.1}% 56
\BOOKMARK [3][]{subsubsection.3.1.2.1}{\376\377\000S\000t\000o\000r\000a\000g\000e\000\040\000L\000a\000y\000o\000u\000t\000\040\000\050\000R\000o\000c\000k\000s\000D\000B\000\051}{subsection.3.1.2}% 57
\BOOKMARK [2][]{subsection.3.1.3}{\376\377\000E\000n\000t\000i\000t\000y\000\040\000R\000e\000s\000o\000l\000u\000t\000i\000o\000n}{section.3.1}% 58
\BOOKMARK [2][]{subsection.3.1.4}{\376\377\000I\000n\000c\000r\000e\000m\000e\000n\000t\000a\000l\000\040\000G\000r\000a\000p\000h\000\040\000U\000p\000d\000a\000t\000e\000s}{section.3.1}% 59
\BOOKMARK [2][]{subsection.3.1.5}{\376\377\000G\000r\000a\000p\000h\000\040\000T\000r\000a\000v\000e\000r\000s\000a\000l\000\040\000P\000r\000i\000m\000i\000t\000i\000v\000e\000s}{section.3.1}% 60
\BOOKMARK [1][]{section.3.2}{\376\377\000S\000e\000m\000a\000n\000t\000i\000c\000\040\000I\000n\000d\000e\000x}{chapter.3}% 61
\BOOKMARK [2][]{subsection.3.2.1}{\376\377\000H\000N\000S\000W\000\040\000V\000e\000c\000t\000o\000r\000\040\000I\000n\000d\000e\000x}{section.3.2}% 62
\BOOKMARK [2][]{subsection.3.2.2}{\376\377\000B\000M\0002\0005\000\040\000K\000e\000y\000w\000o\000r\000d\000\040\000I\000n\000d\000e\000x}{section.3.2}% 63
\BOOKMARK [2][]{subsection.3.2.3}{\376\377\000G\000r\000a\000p\000h\000\040\000A\000d\000j\000a\000c\000e\000n\000c\000y\000\040\000I\000n\000d\000e\000x}{section.3.2}% 64
\BOOKMARK [2][]{subsection.3.2.4}{\376\377\000H\000y\000b\000r\000i\000d\000\040\000S\000e\000a\000r\000c\000h}{section.3.2}% 65
\BOOKMARK [2][]{subsection.3.2.5}{\376\377\000I\000n\000d\000e\000x\000\040\000U\000p\000d\000a\000t\000e\000\040\000S\000t\000r\000a\000t\000e\000g\000y}{section.3.2}% 66
\BOOKMARK [1][]{section.3.3}{\376\377\000Q\000u\000e\000r\000y\000-\000T\000i\000m\000e\000\040\000G\000r\000a\000p\000h\000\040\000E\000x\000p\000a\000n\000s\000i\000o\000n}{chapter.3}% 67
\BOOKMARK [1][]{section.3.4}{\376\377\000P\000e\000r\000f\000o\000r\000m\000a\000n\000c\000e\000\040\000C\000h\000a\000r\000a\000c\000t\000e\000r\000i\000s\000t\000i\000c\000s}{chapter.3}% 68
\BOOKMARK [1][]{section.3.5}{\376\377\000P\000a\000t\000e\000n\000t\000-\000R\000e\000l\000e\000v\000a\000n\000t\000\040\000N\000o\000v\000e\000l\000t\000y}{chapter.3}% 69
\BOOKMARK [1][]{section.3.6}{\376\377\000S\000u\000m\000m\000a\000r\000y}{chapter.3}% 70
\BOOKMARK [0][]{chapter.4}{\376\377\000R\000e\000t\000r\000i\000e\000v\000a\000l\000\040\000a\000n\000d\000\040\000E\000v\000i\000d\000e\000n\000c\000e\000\040\000G\000a\000t\000e}{part.1}% 71
\BOOKMARK [1][]{section.4.1}{\376\377\000E\000v\000i\000d\000e\000n\000c\000e\000\040\000G\000a\000t\000e\000:\000\040\000C\000o\000r\000e\000\040\000P\000r\000i\000n\000c\000i\000p\000l\000e}{chapter.4}% 72
\BOOKMARK [1][]{section.4.2}{\376\377\000W\000h\000y\000\040\000N\000o\000t\000\040\000R\000e\000r\000a\000n\000k\000i\000n\000g\000?}{chapter.4}% 73
\BOOKMARK [1][]{section.4.3}{\376\377\000R\000e\000t\000r\000i\000e\000v\000a\000l\000\040\000P\000i\000p\000e\000l\000i\000n\000e}{chapter.4}% 74
\BOOKMARK [2][]{subsection.4.3.1}{\376\377\000S\000t\000a\000g\000e\000\040\0001\000:\000\040\000Q\000u\000e\000r\000y\000\040\000E\000m\000b\000e\000d\000d\000i\000n\000g}{section.4.3}% 75
\BOOKMARK [2][]{subsection.4.3.2}{\376\377\000S\000t\000a\000g\000e\000\040\0002\000:\000\040\000H\000y\000b\000r\000i\000d\000\040\000S\000e\000a\000r\000c\000h}{section.4.3}% 76
\BOOKMARK [2][]{subsection.4.3.3}{\376\377\000S\000t\000a\000g\000e\000\040\0003\000:\000\040\000E\000v\000i\000d\000e\000n\000c\000e\000\040\000G\000a\000t\000e}{section.4.3}% 77
\BOOKMARK [2][]{subsection.4.3.4}{\376\377\000M\000u\000l\000t\000i\000-\000S\000t\000a\000g\000e\000\040\000P\000r\000o\000o\000f\000r\000e\000a\000d\000i\000n\000g\000\040\000C\000a\000s\000c\000a\000d\000e}{section.4.3}% 78
\BOOKMARK [2][]{subsection.4.3.5}{\376\377\000S\000t\000a\000g\000e\000\040\0004\000:\000\040\000S\000y\000n\000t\000h\000e\000s\000i\000s\000\040\000w\000i\000t\000h\000\040\000F\000o\000r\000c\000e\000d\000\040\000C\000i\000t\000a\000t\000i\000o\000n\000s}{section.4.3}% 79
\BOOKMARK [1][]{section.4.4}{\376\377\000T\000h\000r\000e\000s\000h\000o\000l\000d\000\040\000C\000a\000l\000i\000b\000r\000a\000t\000i\000o\000n}{chapter.4}% 80
\BOOKMARK [2][]{subsection.4.4.1}{\376\377\000C\000a\000l\000i\000b\000r\000a\000t\000i\000o\000n\000\040\000M\000e\000t\000h\000o\000d\000s}{section.4.4}% 81
\BOOKMARK [2][]{subsection.4.4.2}{\376\377\000L\000a\000b\000e\000l\000-\000F\000r\000e\000e\000\040\000C\000a\000l\000i\000b\000r\000a\000t\000i\000o\000n\000\040\000b\000y\000\040\000D\000i\000s\000c\000o\000r\000d\000a\000n\000t\000\040\000P\000a\000i\000r\000i\000n\000g}{section.4.4}% 82
\BOOKMARK [2][]{subsection.4.4.3}{\376\377\000C\000o\000n\000f\000i\000d\000e\000n\000c\000e\000\040\000I\000n\000t\000e\000r\000v\000a\000l\000s}{section.4.4}% 83
\BOOKMARK [1][]{section.4.5}{\376\377\000G\000l\000o\000b\000a\000l\000\040\000C\000o\000n\000s\000i\000s\000t\000e\000n\000c\000y\000\040\000o\000f\000\040\000E\000v\000i\000d\000e\000n\000c\000e}{chapter.4}% 84
\BOOKMARK [1][]{section.4.6}{\376\377\000Q\000u\000e\000r\000y\000\040\000P\000l\000a\000n\000n\000e\000r\000\040\000I\000n\000t\000e\000g\000r\000a\000t\000i\000o\000n}{chapter.4}% 85
\BOOKMARK [1][]{section.4.7}{\376\377\000E\000v\000i\000d\000e\000n\000c\000e\000\040\000G\000a\000t\000e\000\040\000C\000o\000n\000f\000i\000g}{chapter.4}% 86
\BOOKMARK [1][]{section.4.8}{\376\377\000E\000v\000a\000l\000u\000a\000t\000i\000o\000n\000\040\000M\000e\000t\000r\000i\000c\000s}{chapter.4}% 87
\BOOKMARK [1][]{section.4.9}{\376\377\000C\000o\000m\000p\000a\000r\000i\000s\000o\000n\000\040\000w\000i\000t\000h\000\040\000P\000r\000i\000o\000r\000\040\000A\000r\000t}{chapter.4}% 88
\BOOKMARK [1][]{section.4.10}{\376\377\000P\000a\000t\000e\000n\000t\000-\000R\000e\000l\000e\000v\000a\000n\000t\000\040\000N\000o\000v\000e\000l\000t\000y}{chapter.4}% 89
\BOOKMARK [1][]{section.4.11}{\376\377\000S\000u\000m\000m\000a\000r\000y}{chapter.4}% 90
\BOOKMARK [0][]{chapter.5}{\376\377\000A\000g\000e\000n\000t\000\040\000R\000u\000n\000t\000i\000m\000e}{part.1}% 91
\BOOKMARK [1][]{section.5.1}{\376\377\000D\000e\000s\000i\000g\000n\000\040\000G\000o\000a\000l\000s}{chapter.5}% 92
\BOOKMARK [1][]{section.5.2}{\376\377\000R\000u\000n\000t\000i\000m\000e\000\040\000A\000r\000c\000h\000i\000t\000e\000c\000t\000u\000r\000e}{chapter.5}% 93
\BOOKMARK [2][]{subsection.5.2.1}{\376\377\000C\000o\000r\000e\000\040\000C\000o\000m\000p\000o\000n\000e\000n\000t\000s}{section.5.2}% 94
\BOOKMARK [1][]{section.5.3}{\376\377\000P\000l\000a\000n\000\040\000E\000x\000e\000c\000u\000t\000i\000o\000n\000\040\000M\000o\000d\000e\000l}{chapter.5}% 95
\BOOKMARK [2][]{subsection.5.3.1}{\376\377\000Q\000u\000e\000r\000y\000\040\000P\000l\000a\000n\000\040\000S\000t\000r\000u\000c\000t\000u\000r\000e}{section.5.3}% 96
\BOOKMARK [2][]{subsection.5.3.2}{\376\377\000E\000x\000e\000c\000u\000t\000i\000o\000n\000\040\000A\000l\000g\000o\000r\000i\000t\000h\000m}{section.5.3}% 97
\BOOKMARK [2][]{subsection.5.3.3}{\376\377\000S\000t\000e\000p\000\040\000K\000i\000n\000d\000s}{section.5.3}% 98
\BOOKMARK [1][]{section.5.4}{\376\377\000T\000o\000o\000l\000\040\000S\000y\000s\000t\000e\000m}{chapter.5}% 99
\BOOKMARK [2][]{subsection.5.4.1}{\376\377\000T\000o\000o\000l\000\040\000T\000r\000a\000i\000t}{section.5.4}% 100
\BOOKMARK [2][]{subsection.5.4.2}{\376\377\000B\000u\000i\000l\000t\000-\000i\000n\000\040\000T\000o\000o\000l\000s}{section.5.4}% 101
\BOOKMARK [2][]{subsection.5.4.3}{\376\377\000C\000u\000s\000t\000o\000m\000\040\000T\000o\000o\000l\000s}{section.5.4}% 102
\BOOKMARK [1][]{section.5.5}{\376\377\000L\000L\000M\000\040\000C\000l\000i\000e\000n\000t\000\040\000A\000b\000s\000t\000r\000a\000c\000t\000i\000o\000n}{chapter.5}% 103
\BOOKMARK [1][]{section.5.6}{\376\377\000S\000t\000a\000t\000e\000\040\000M\000a\000n\000a\000g\000e\000m\000e\000n\000t}{chapter.5}% 104
\BOOKMARK [1][]{section.5.7}{\376\377\000B\000u\000d\000g\000e\000t\000\040\000a\000s\000\040\000A\000l\000l\000o\000c\000a\000t\000i\000o\000n\000,\000\040\000N\000o\000t\000\040\000T\000r\000u\000n\000c\000a\000t\000i\000o\000n}{chapter.5}% 105
\BOOKMARK [1][]{section.5.8}{\376\377\000S\000t\000r\000e\000a\000m\000i\000n\000g\000\040\000P\000r\000o\000t\000o\000c\000o\000l}{chapter.5}% 106
\BOOKMARK [1][]{section.5.9}{\376\377\000E\000r\000r\000o\000r\000\040\000H\000a\000n\000d\000l\000i\000n\000g\000\040\000a\000n\000d\000\040\000R\000e\000t\000r\000i\000e\000s}{chapter.5}% 107
\BOOKMARK [1][]{section.5.10}{\376\377\000C\000o\000n\000v\000e\000r\000s\000a\000t\000i\000o\000n\000\040\000M\000a\000n\000a\000g\000e\000m\000e\000n\000t}{chapter.5}% 108
\BOOKMARK [1][]{section.5.11}{\376\377\000P\000a\000t\000e\000n\000t\000-\000R\000e\000l\000e\000v\000a\000n\000t\000\040\000N\000o\000v\000e\000l\000t\000y}{chapter.5}% 109
\BOOKMARK [1][]{section.5.12}{\376\377\000S\000u\000m\000m\000a\000r\000y}{chapter.5}% 110
\BOOKMARK [0][]{chapter.6}{\376\377\000E\000v\000a\000l\000u\000a\000t\000i\000o\000n\000\040\000F\000r\000a\000m\000e\000w\000o\000r\000k}{part.1}% 111
\BOOKMARK [1][]{section.6.1}{\376\377\000E\000v\000a\000l\000u\000a\000t\000i\000o\000n\000\040\000P\000h\000i\000l\000o\000s\000o\000p\000h\000y}{chapter.6}% 112
\BOOKMARK [1][]{section.6.2}{\376\377\000B\000e\000n\000c\000h\000m\000a\000r\000k\000\040\000S\000u\000i\000t\000e}{chapter.6}% 113
\BOOKMARK [2][]{subsection.6.2.1}{\376\377\000I\000n\000t\000e\000r\000n\000a\000l\000\040\000B\000e\000n\000c\000h\000m\000a\000r\000k\000s}{section.6.2}% 114
\BOOKMARK [2][]{subsection.6.2.2}{\376\377\000E\000x\000t\000e\000r\000n\000a\000l\000\040\000B\000e\000n\000c\000h\000m\000a\000r\000k\000s\000\040\000\050\000A\000d\000a\000p\000t\000e\000d\000\051}{section.6.2}% 115
\BOOKMARK [1][]{section.6.3}{\376\377\000M\000e\000t\000r\000i\000c\000\040\000D\000e\000f\000i\000n\000i\000t\000i\000o\000n\000s}{chapter.6}% 116
\BOOKMARK [2][]{subsection.6.3.1}{\376\377\000R\000e\000t\000r\000i\000e\000v\000a\000l\000\040\000M\000e\000t\000r\000i\000c\000s}{section.6.3}% 117
\BOOKMARK [2][]{subsection.6.3.2}{\376\377\000A\000n\000s\000w\000e\000r\000\040\000Q\000u\000a\000l\000i\000t\000y\000\040\000M\000e\000t\000r\000i\000c\000s}{section.6.3}% 118
\BOOKMARK [2][]{subsection.6.3.3}{\376\377\000S\000y\000s\000t\000e\000m\000\040\000P\000r\000o\000p\000e\000r\000t\000y\000\040\000M\000e\000t\000r\000i\000c\000s}{section.6.3}% 119
\BOOKMARK [1][]{section.6.4}{\376\377\000E\000v\000a\000l\000u\000a\000t\000i\000o\000n\000\040\000P\000i\000p\000e\000l\000i\000n\000e}{chapter.6}% 120
\BOOKMARK [2][]{subsection.6.4.1}{\376\377\000C\000o\000n\000f\000i\000g\000u\000r\000a\000t\000i\000o\000n\000\040\000M\000a\000t\000r\000i\000x}{section.6.4}% 121
\BOOKMARK [2][]{subsection.6.4.2}{\376\377\000S\000t\000a\000t\000i\000s\000t\000i\000c\000a\000l\000\040\000R\000i\000g\000o\000r}{section.6.4}% 122
\BOOKMARK [1][]{section.6.5}{\376\377\000R\000e\000g\000r\000e\000s\000s\000i\000o\000n\000\040\000D\000e\000t\000e\000c\000t\000i\000o\000n}{chapter.6}% 123
\BOOKMARK [1][]{section.6.6}{\376\377\000Q\000u\000a\000l\000i\000t\000a\000t\000i\000v\000e\000\040\000E\000v\000a\000l\000u\000a\000t\000i\000o\000n}{chapter.6}% 124
\BOOKMARK [1][]{section.6.7}{\376\377\000P\000a\000t\000e\000n\000t\000-\000R\000e\000l\000e\000v\000a\000n\000t\000\040\000N\000o\000v\000e\000l\000t\000y}{chapter.6}% 125
\BOOKMARK [1][]{section.6.8}{\376\377\000S\000u\000m\000m\000a\000r\000y}{chapter.6}% 126
\BOOKMARK [0][]{chapter.7}{\376\377\000D\000e\000p\000l\000o\000y\000m\000e\000n\000t\000\040\000a\000n\000d\000\040\000O\000p\000e\000r\000a\000t\000i\000o\000n\000s}{part.1}% 127
\BOOKMARK [1][]{section.7.1}{\376\377\000D\000e\000p\000l\000o\000y\000m\000e\000n\000t\000\040\000M\000o\000d\000e\000s}{chapter.7}% 128
\BOOKMARK [1][]{section.7.2}{\376\377\000C\000o\000n\000t\000a\000i\000n\000e\000r\000\040\000I\000m\000a\000g\000e\000s}{chapter.7}% 129
\BOOKMARK [2][]{subsection.7.2.1}{\376\377\000I\000m\000a\000g\000e\000\040\000V\000a\000r\000i\000a\000n\000t\000s}{section.7.2}% 130
\BOOKMARK [1][]{section.7.3}{\376\377\000K\000u\000b\000e\000r\000n\000e\000t\000e\000s\000\040\000D\000e\000p\000l\000o\000y\000m\000e\000n\000t}{chapter.7}% 131
\BOOKMARK [2][]{subsection.7.3.1}{\376\377\000H\000e\000l\000m\000\040\000C\000h\000a\000r\000t\000\040\000S\000t\000r\000u\000c\000t\000u\000r\000e}{section.7.3}% 132
\BOOKMARK [2][]{subsection.7.3.2}{\376\377\000K\000e\000y\000\040\000C\000o\000n\000f\000i\000g\000u\000r\000a\000t\000i\000o\000n}{section.7.3}% 133
\BOOKMARK [2][]{subsection.7.3.3}{\376\377\000S\000t\000a\000t\000e\000f\000u\000l\000\040\000C\000o\000n\000s\000i\000d\000e\000r\000a\000t\000i\000o\000n\000s}{section.7.3}% 134
\BOOKMARK [1][]{section.7.4}{\376\377\000L\000o\000c\000a\000l\000-\000F\000i\000r\000s\000t\000\040\000D\000e\000p\000l\000o\000y\000m\000e\000n\000t}{chapter.7}% 135
\BOOKMARK [2][]{subsection.7.4.1}{\376\377\000S\000i\000n\000g\000l\000e\000\040\000B\000i\000n\000a\000r\000y}{section.7.4}% 136
\BOOKMARK [2][]{subsection.7.4.2}{\376\377\000D\000o\000c\000k\000e\000r\000\040\000C\000o\000m\000p\000o\000s\000e\000\040\000\050\000L\000o\000c\000a\000l\000\040\000S\000t\000a\000c\000k\000\051}{section.7.4}% 137
\BOOKMARK [2][]{subsection.7.4.3}{\376\377\000A\000i\000r\000-\000G\000a\000p\000p\000e\000d\000\040\000I\000n\000s\000t\000a\000l\000l\000a\000t\000i\000o\000n}{section.7.4}% 138
\BOOKMARK [1][]{section.7.5}{\376\377\000C\000o\000n\000f\000i\000g\000u\000r\000a\000t\000i\000o\000n\000\040\000M\000a\000n\000a\000g\000e\000m\000e\000n\000t}{chapter.7}% 139
\BOOKMARK [1][]{section.7.6}{\376\377\000M\000o\000n\000i\000t\000o\000r\000i\000n\000g\000\040\000a\000n\000d\000\040\000O\000b\000s\000e\000r\000v\000a\000b\000i\000l\000i\000t\000y}{chapter.7}% 140
\BOOKMARK [2][]{subsection.7.6.1}{\376\377\000M\000e\000t\000r\000i\000c\000s\000\040\000\050\000P\000r\000o\000m\000e\000t\000h\000e\000u\000s\000\051}{section.7.6}% 141
\BOOKMARK [2][]{subsection.7.6.2}{\376\377\000D\000i\000s\000t\000r\000i\000b\000u\000t\000e\000d\000\040\000T\000r\000a\000c\000i\000n\000g\000\040\000\050\000O\000p\000e\000n\000T\000e\000l\000e\000m\000e\000t\000r\000y\000\051}{section.7.6}% 142
\BOOKMARK [2][]{subsection.7.6.3}{\376\377\000S\000t\000r\000u\000c\000t\000u\000r\000e\000d\000\040\000L\000o\000g\000g\000i\000n\000g}{section.7.6}% 143
\BOOKMARK [2][]{subsection.7.6.4}{\376\377\000H\000e\000a\000l\000t\000h\000\040\000C\000h\000e\000c\000k\000s}{section.7.6}% 144
\BOOKMARK [1][]{section.7.7}{\376\377\000B\000a\000c\000k\000u\000p\000\040\000a\000n\000d\000\040\000R\000e\000c\000o\000v\000e\000r\000y}{chapter.7}% 145
\BOOKMARK [2][]{subsection.7.7.1}{\376\377\000B\000a\000c\000k\000u\000p\000\040\000S\000t\000r\000a\000t\000e\000g\000y}{section.7.7}% 146
\BOOKMARK [2][]{subsection.7.7.2}{\376\377\000A\000u\000t\000o\000m\000a\000t\000e\000d\000\040\000B\000a\000c\000k\000u\000p\000\040\000\050\000C\000r\000o\000n\000J\000o\000b\000\051}{section.7.7}% 147
\BOOKMARK [2][]{subsection.7.7.3}{\376\377\000D\000i\000s\000a\000s\000t\000e\000r\000\040\000R\000e\000c\000o\000v\000e\000r\000y}{section.7.7}% 148
\BOOKMARK [1][]{section.7.8}{\376\377\000U\000p\000g\000r\000a\000d\000e\000s\000\040\000a\000n\000d\000\040\000M\000i\000g\000r\000a\000t\000i\000o\000n\000s}{chapter.7}% 149
\BOOKMARK [2][]{subsection.7.8.1}{\376\377\000V\000e\000r\000s\000i\000o\000n\000\040\000C\000o\000m\000p\000a\000t\000i\000b\000i\000l\000i\000t\000y}{section.7.8}% 150
\BOOKMARK [2][]{subsection.7.8.2}{\376\377\000I\000n\000d\000e\000x\000\040\000M\000i\000g\000r\000a\000t\000i\000o\000n}{section.7.8}% 151
\BOOKMARK [2][]{subsection.7.8.3}{\376\377\000G\000r\000a\000p\000h\000\040\000M\000i\000g\000r\000a\000t\000i\000o\000n}{section.7.8}% 152
\BOOKMARK [1][]{section.7.9}{\376\377\000S\000e\000c\000u\000r\000i\000t\000y\000\040\000H\000a\000r\000d\000e\000n\000i\000n\000g}{chapter.7}% 153
\BOOKMARK [1][]{section.7.10}{\376\377\000P\000e\000r\000f\000o\000r\000m\000a\000n\000c\000e\000\040\000T\000u\000n\000i\000n\000g}{chapter.7}% 154
\BOOKMARK [1][]{section.7.11}{\376\377\000P\000a\000t\000e\000n\000t\000-\000R\000e\000l\000e\000v\000a\000n\000t\000\040\000N\000o\000v\000e\000l\000t\000y}{chapter.7}% 155
\BOOKMARK [1][]{section.7.12}{\376\377\000S\000u\000m\000m\000a\000r\000y}{chapter.7}% 156
\BOOKMARK [-1][]{part.2}{\376\377\000I\000I\000\040\000R\000e\000f\000e\000r\000e\000n\000c\000e\000\040\000a\000n\000d\000\040\000E\000x\000t\000e\000n\000s\000i\000o\000n}{}% 157
\BOOKMARK [0][]{chapter.8}{\376\377\000A\000P\000I\000\040\000R\000e\000f\000e\000r\000e\000n\000c\000e}{part.2}% 158
\BOOKMARK [1][]{section.8.1}{\376\377\000A\000P\000I\000\040\000O\000v\000e\000r\000v\000i\000e\000w}{chapter.8}% 159
\BOOKMARK [1][]{section.8.2}{\376\377\000A\000u\000t\000h\000e\000n\000t\000i\000c\000a\000t\000i\000o\000n}{chapter.8}% 160
\BOOKMARK [2][]{subsection.8.2.1}{\376\377\000B\000e\000a\000r\000e\000r\000\040\000T\000o\000k\000e\000n\000\040\000\050\000O\000I\000D\000C\000\051}{section.8.2}% 161
\BOOKMARK [2][]{subsection.8.2.2}{\376\377\000A\000P\000I\000\040\000K\000e\000y}{section.8.2}% 162
\BOOKMARK [2][]{subsection.8.2.3}{\376\377\000A\000n\000o\000n\000y\000m\000o\000u\000s\000\040\000\050\000D\000e\000v\000e\000l\000o\000p\000m\000e\000n\000t\000\051}{section.8.2}% 163
\BOOKMARK [1][]{section.8.3}{\376\377\000C\000o\000r\000e\000\040\000E\000n\000d\000p\000o\000i\000n\000t\000s}{chapter.8}% 164
\BOOKMARK [2][]{subsection.8.3.1}{\376\377\000H\000e\000a\000l\000t\000h}{section.8.3}% 165
\BOOKMARK [2][]{subsection.8.3.2}{\376\377\000Q\000u\000e\000r\000y}{section.8.3}% 166
\BOOKMARK [2][]{subsection.8.3.3}{\376\377\000I\000n\000g\000e\000s\000t\000i\000o\000n}{section.8.3}% 167
\BOOKMARK [2][]{subsection.8.3.4}{\376\377\000R\000e\000p\000o\000s\000i\000t\000o\000r\000y\000\040\000M\000a\000n\000a\000g\000e\000m\000e\000n\000t}{section.8.3}% 168
\BOOKMARK [2][]{subsection.8.3.5}{\376\377\000G\000r\000a\000p\000h\000\040\000O\000p\000e\000r\000a\000t\000i\000o\000n\000s}{section.8.3}% 169
\BOOKMARK [2][]{subsection.8.3.6}{\376\377\000I\000n\000d\000e\000x\000\040\000O\000p\000e\000r\000a\000t\000i\000o\000n\000s}{section.8.3}% 170
\BOOKMARK [2][]{subsection.8.3.7}{\376\377\000U\000n\000i\000t\000\040\000A\000c\000c\000e\000s\000s}{section.8.3}% 171
\BOOKMARK [2][]{subsection.8.3.8}{\376\377\000E\000v\000i\000d\000e\000n\000c\000e\000\040\000G\000a\000t\000e}{section.8.3}% 172
\BOOKMARK [2][]{subsection.8.3.9}{\376\377\000A\000d\000m\000i\000n\000i\000s\000t\000r\000a\000t\000i\000o\000n}{section.8.3}% 173
\BOOKMARK [1][]{section.8.4}{\376\377\000W\000e\000b\000S\000o\000c\000k\000e\000t\000\040\000A\000P\000I}{chapter.8}% 174
\BOOKMARK [1][]{section.8.5}{\376\377\000g\000R\000P\000C\000\040\000A\000P\000I}{chapter.8}% 175
\BOOKMARK [1][]{section.8.6}{\376\377\000E\000r\000r\000o\000r\000\040\000H\000a\000n\000d\000l\000i\000n\000g}{chapter.8}% 176
\BOOKMARK [1][]{section.8.7}{\376\377\000R\000a\000t\000e\000\040\000L\000i\000m\000i\000t\000i\000n\000g}{chapter.8}% 177
\BOOKMARK [1][]{section.8.8}{\376\377\000S\000D\000K\000s}{chapter.8}% 178
\BOOKMARK [1][]{section.8.9}{\376\377\000O\000p\000e\000n\000A\000P\000I\000\040\000S\000p\000e\000c\000i\000f\000i\000c\000a\000t\000i\000o\000n}{chapter.8}% 179
\BOOKMARK [1][]{section.8.10}{\376\377\000A\000P\000I\000\040\000V\000e\000r\000s\000i\000o\000n\000i\000n\000g\000\040\000P\000o\000l\000i\000c\000y}{chapter.8}% 180
\BOOKMARK [1][]{section.8.11}{\376\377\000P\000a\000t\000e\000n\000t\000-\000R\000e\000l\000e\000v\000a\000n\000t\000\040\000N\000o\000v\000e\000l\000t\000y}{chapter.8}% 181
\BOOKMARK [1][]{section.8.12}{\376\377\000S\000u\000m\000m\000a\000r\000y}{chapter.8}% 182
\BOOKMARK [0][]{chapter.9}{\376\377\000D\000e\000v\000e\000l\000o\000p\000e\000r\000\040\000G\000u\000i\000d\000e}{part.2}% 183
\BOOKMARK [1][]{section.9.1}{\376\377\000D\000e\000v\000e\000l\000o\000p\000m\000e\000n\000t\000\040\000E\000n\000v\000i\000r\000o\000n\000m\000e\000n\000t}{chapter.9}% 184
\BOOKMARK [2][]{subsection.9.1.1}{\376\377\000P\000r\000e\000r\000e\000q\000u\000i\000s\000i\000t\000e\000s}{section.9.1}% 185
\BOOKMARK [2][]{subsection.9.1.2}{\376\377\000R\000e\000p\000o\000s\000i\000t\000o\000r\000y\000\040\000S\000t\000r\000u\000c\000t\000u\000r\000e}{section.9.1}% 186
\BOOKMARK [2][]{subsection.9.1.3}{\376\377\000B\000u\000i\000l\000d\000\040\000a\000n\000d\000\040\000T\000e\000s\000t}{section.9.1}% 187
\BOOKMARK [1][]{section.9.2}{\376\377\000E\000x\000t\000e\000n\000s\000i\000o\000n\000\040\000P\000o\000i\000n\000t\000s\000\040\000D\000e\000e\000p\000\040\000D\000i\000v\000e}{chapter.9}% 188
\BOOKMARK [2][]{subsection.9.2.1}{\376\377\000C\000u\000s\000t\000o\000m\000\040\000P\000a\000r\000s\000e\000r}{section.9.2}% 189
\BOOKMARK [2][]{subsection.9.2.2}{\376\377\000C\000u\000s\000t\000o\000m\000\040\000C\000h\000u\000n\000k\000e\000r}{section.9.2}% 190
\BOOKMARK [2][]{subsection.9.2.3}{\376\377\000C\000u\000s\000t\000o\000m\000\040\000E\000m\000b\000e\000d\000d\000e\000r}{section.9.2}% 191
\BOOKMARK [2][]{subsection.9.2.4}{\376\377\000C\000u\000s\000t\000o\000m\000\040\000G\000r\000a\000p\000h\000\040\000S\000t\000o\000r\000e}{section.9.2}% 192
\BOOKMARK [2][]{subsection.9.2.5}{\376\377\000C\000u\000s\000t\000o\000m\000\040\000I\000n\000d\000e\000x\000\040\000B\000a\000c\000k\000e\000n\000d}{section.9.2}% 193
\BOOKMARK [2][]{subsection.9.2.6}{\376\377\000C\000u\000s\000t\000o\000m\000\040\000E\000v\000i\000d\000e\000n\000c\000e\000\040\000V\000e\000r\000i\000f\000i\000e\000r}{section.9.2}% 194
\BOOKMARK [2][]{subsection.9.2.7}{\376\377\000C\000u\000s\000t\000o\000m\000\040\000Q\000u\000e\000r\000y\000\040\000P\000l\000a\000n\000n\000e\000r\000\040\000S\000t\000r\000a\000t\000e\000g\000y}{section.9.2}% 195
\BOOKMARK [2][]{subsection.9.2.8}{\376\377\000C\000u\000s\000t\000o\000m\000\040\000A\000g\000e\000n\000t\000\040\000T\000o\000o\000l}{section.9.2}% 196
\BOOKMARK [2][]{subsection.9.2.9}{\376\377\000C\000u\000s\000t\000o\000m\000\040\000A\000u\000t\000h\000\040\000P\000r\000o\000v\000i\000d\000e\000r}{section.9.2}% 197
\BOOKMARK [1][]{section.9.3}{\376\377\000T\000e\000s\000t\000i\000n\000g\000\040\000E\000x\000t\000e\000n\000s\000i\000o\000n\000s}{chapter.9}% 198
\BOOKMARK [2][]{subsection.9.3.1}{\376\377\000P\000a\000r\000s\000e\000r\000\040\000T\000e\000s\000t\000s}{section.9.3}% 199
\BOOKMARK [2][]{subsection.9.3.2}{\376\377\000I\000n\000t\000e\000g\000r\000a\000t\000i\000o\000n\000\040\000T\000e\000s\000t\000s}{section.9.3}% 200
\BOOKMARK [2][]{subsection.9.3.3}{\376\377\000P\000r\000o\000p\000e\000r\000t\000y\000-\000B\000a\000s\000e\000d\000\040\000T\000e\000s\000t\000i\000n\000g}{section.9.3}% 201
\BOOKMARK [1][]{section.9.4}{\376\377\000D\000e\000b\000u\000g\000g\000i\000n\000g\000\040\000a\000n\000d\000\040\000P\000r\000o\000f\000i\000l\000i\000n\000g}{chapter.9}% 202
\BOOKMARK [2][]{subsection.9.4.1}{\376\377\000L\000o\000g\000g\000i\000n\000g}{section.9.4}% 203
\BOOKMARK [2][]{subsection.9.4.2}{\376\377\000P\000r\000o\000f\000i\000l\000i\000n\000g}{section.9.4}% 204
\BOOKMARK [1][]{section.9.5}{\376\377\000C\000o\000n\000t\000r\000i\000b\000u\000t\000i\000n\000g}{chapter.9}% 205
\BOOKMARK [2][]{subsection.9.5.1}{\376\377\000C\000o\000d\000e\000\040\000S\000t\000y\000l\000e}{section.9.5}% 206
\BOOKMARK [2][]{subsection.9.5.2}{\376\377\000P\000R\000\040\000P\000r\000o\000c\000e\000s\000s}{section.9.5}% 207
\BOOKMARK [2][]{subsection.9.5.3}{\376\377\000A\000d\000d\000i\000n\000g\000\040\000a\000\040\000N\000e\000w\000\040\000V\000o\000l\000u\000m\000e}{section.9.5}% 208
\BOOKMARK [1][]{section.9.6}{\376\377\000R\000e\000l\000e\000a\000s\000e\000\040\000P\000r\000o\000c\000e\000s\000s}{chapter.9}% 209
\BOOKMARK [1][]{section.9.7}{\376\377\000S\000u\000m\000m\000a\000r\000y}{chapter.9}% 210
\BOOKMARK [-1][]{part.3}{\376\377\000I\000I\000I\000\040\000I\000n\000t\000e\000l\000l\000e\000c\000t\000u\000a\000l\000\040\000P\000r\000o\000p\000e\000r\000t\000y\000\040\000a\000n\000d\000\040\000R\000e\000s\000e\000a\000r\000c\000h}{}% 211
\BOOKMARK [0][]{chapter.10}{\376\377\000P\000a\000t\000e\000n\000t\000\040\000D\000r\000a\000f\000t}{part.3}% 212
\BOOKMARK [1][]{section.10.1}{\376\377\000F\000i\000e\000l\000d\000\040\000o\000f\000\040\000t\000h\000e\000\040\000I\000n\000v\000e\000n\000t\000i\000o\000n}{chapter.10}% 213
\BOOKMARK [1][]{section.10.2}{\376\377\000B\000a\000c\000k\000g\000r\000o\000u\000n\000d}{chapter.10}% 214
\BOOKMARK [1][]{section.10.3}{\376\377\000S\000u\000m\000m\000a\000r\000y\000\040\000o\000f\000\040\000t\000h\000e\000\040\000I\000n\000v\000e\000n\000t\000i\000o\000n}{chapter.10}% 215
\BOOKMARK [1][]{section.10.4}{\376\377\000I\000n\000d\000e\000p\000e\000n\000d\000e\000n\000t\000\040\000C\000l\000a\000i\000m\000s}{chapter.10}% 216
\BOOKMARK [1][]{section.10.5}{\376\377\000D\000e\000p\000e\000n\000d\000e\000n\000t\000\040\000C\000l\000a\000i\000m\000s}{chapter.10}% 217
\BOOKMARK [1][]{section.10.6}{\376\377\000D\000e\000s\000i\000g\000n\000\040\000D\000e\000c\000i\000s\000i\000o\000n\000s\000\040\000S\000u\000p\000p\000o\000r\000t\000i\000n\000g\000\040\000N\000o\000v\000e\000l\000t\000y}{chapter.10}% 218
\BOOKMARK [1][]{section.10.7}{\376\377\000S\000p\000e\000c\000i\000f\000i\000c\000a\000t\000i\000o\000n\000\040\000S\000u\000p\000p\000o\000r\000t}{chapter.10}% 219
\BOOKMARK [1][]{section.10.8}{\376\377\000P\000o\000t\000e\000n\000t\000i\000a\000l\000\040\000D\000e\000s\000i\000g\000n\000-\000A\000r\000o\000u\000n\000d\000s\000\040\000a\000n\000d\000\040\000D\000e\000f\000e\000n\000s\000e}{chapter.10}% 220
\BOOKMARK [0][]{chapter.11}{\376\377\000R\000e\000s\000e\000a\000r\000c\000h\000\040\000P\000a\000p\000e\000r\000:\000\040\000L\000L\000M\000W\000i\000k\000i\000\040\000-\000\040\000A\000\040\000S\000e\000m\000a\000n\000t\000i\000c\000\040\000O\000p\000e\000r\000a\000t\000i\000n\000g\000\040\000L\000a\000y\000e\000r\000\040\000f\000o\000r\000\040\000E\000v\000i\000d\000e\000n\000c\000e\000-\000A\000w\000a\000r\000e\000\040\000K\000n\000o\000w\000l\000e\000d\000g\000e\000\040\000M\000a\000n\000a\000g\000e\000m\000e\000n\000t}{part.3}% 221
\BOOKMARK [1][]{section.11.1}{\376\377\000I\000n\000t\000r\000o\000d\000u\000c\000t\000i\000o\000n}{chapter.11}% 222
\BOOKMARK [1][]{section.11.2}{\376\377\000R\000e\000l\000a\000t\000e\000d\000\040\000W\000o\000r\000k}{chapter.11}% 223
\BOOKMARK [2][]{subsection.11.2.1}{\376\377\000R\000e\000t\000r\000i\000e\000v\000a\000l\000-\000A\000u\000g\000m\000e\000n\000t\000e\000d\000\040\000G\000e\000n\000e\000r\000a\000t\000i\000o\000n}{section.11.2}% 224
\BOOKMARK [2][]{subsection.11.2.2}{\376\377\000G\000r\000a\000p\000h\000-\000E\000n\000h\000a\000n\000c\000e\000d\000\040\000R\000A\000G}{section.11.2}% 225
\BOOKMARK [2][]{subsection.11.2.3}{\376\377\000E\000v\000i\000d\000e\000n\000c\000e\000\040\000a\000n\000d\000\040\000A\000t\000t\000r\000i\000b\000u\000t\000i\000o\000n}{section.11.2}% 226
\BOOKMARK [2][]{subsection.11.2.4}{\376\377\000L\000o\000c\000a\000l\000\040\000a\000n\000d\000\040\000D\000e\000t\000e\000r\000m\000i\000n\000i\000s\000t\000i\000c\000\040\000S\000y\000s\000t\000e\000m\000s}{section.11.2}% 227
\BOOKMARK [2][]{subsection.11.2.5}{\376\377\000M\000e\000t\000h\000o\000d\000s\000\040\000I\000m\000p\000o\000r\000t\000e\000d\000\040\000f\000r\000o\000m\000\040\000A\000d\000j\000a\000c\000e\000n\000t\000\040\000S\000c\000i\000e\000n\000c\000e\000s}{section.11.2}% 228
\BOOKMARK [1][]{section.11.3}{\376\377\000S\000y\000s\000t\000e\000m\000\040\000A\000r\000c\000h\000i\000t\000e\000c\000t\000u\000r\000e}{chapter.11}% 229
\BOOKMARK [2][]{subsection.11.3.1}{\376\377\000T\000h\000r\000e\000e\000-\000L\000a\000y\000e\000r\000\040\000D\000e\000c\000o\000m\000p\000o\000s\000i\000t\000i\000o\000n}{section.11.3}% 230
\BOOKMARK [2][]{subsection.11.3.2}{\376\377\000F\000i\000l\000e\000s\000y\000s\000t\000e\000m\000\040\000a\000s\000\040\000W\000r\000i\000t\000e\000-\000A\000h\000e\000a\000d\000\040\000L\000o\000g}{section.11.3}% 231
\BOOKMARK [2][]{subsection.11.3.3}{\376\377\000C\000o\000n\000t\000e\000n\000t\000\040\000A\000d\000d\000r\000e\000s\000s\000i\000n\000g}{section.11.3}% 232
\BOOKMARK [2][]{subsection.11.3.4}{\376\377\000E\000v\000i\000d\000e\000n\000c\000e\000\040\000G\000a\000t\000e}{section.11.3}% 233
\BOOKMARK [2][]{subsection.11.3.5}{\376\377\000D\000A\000G\000\040\000Q\000u\000e\000r\000y\000\040\000P\000l\000a\000n\000n\000e\000r}{section.11.3}% 234
\BOOKMARK [2][]{subsection.11.3.6}{\376\377\000L\000a\000b\000e\000l\000-\000F\000r\000e\000e\000\040\000S\000i\000g\000n\000i\000f\000i\000c\000a\000n\000c\000e\000\040\000v\000i\000a\000\040\000D\000i\000s\000c\000o\000r\000d\000a\000n\000t\000\040\000P\000a\000i\000r\000i\000n\000g}{section.11.3}% 235
\BOOKMARK [2][]{subsection.11.3.7}{\376\377\000P\000r\000o\000o\000f\000r\000e\000a\000d\000i\000n\000g\000\040\000C\000a\000s\000c\000a\000d\000e}{section.11.3}% 236
\BOOKMARK [2][]{subsection.11.3.8}{\376\377\000C\000o\000h\000o\000m\000o\000l\000o\000g\000i\000c\000a\000l\000\040\000E\000v\000i\000d\000e\000n\000c\000e\000\040\000C\000l\000o\000s\000u\000r\000e}{section.11.3}% 237
\BOOKMARK [1][]{section.11.4}{\376\377\000E\000v\000a\000l\000u\000a\000t\000i\000o\000n}{chapter.11}% 238
\BOOKMARK [2][]{subsection.11.4.1}{\376\377\000B\000e\000n\000c\000h\000m\000a\000r\000k\000s}{section.11.4}% 239
\BOOKMARK [2][]{subsection.11.4.2}{\376\377\000B\000a\000s\000e\000l\000i\000n\000e\000s}{section.11.4}% 240
\BOOKMARK [2][]{subsection.11.4.3}{\376\377\000M\000e\000t\000r\000i\000c\000s}{section.11.4}% 241
\BOOKMARK [2][]{subsection.11.4.4}{\376\377\000R\000e\000s\000u\000l\000t\000s}{section.11.4}% 242
\BOOKMARK [2][]{subsection.11.4.5}{\376\377\000A\000b\000l\000a\000t\000i\000o\000n\000\040\000S\000t\000u\000d\000i\000e\000s}{section.11.4}% 243
\BOOKMARK [2][]{subsection.11.4.6}{\376\377\000C\000a\000l\000i\000b\000r\000a\000t\000i\000o\000n\000\040\000A\000n\000a\000l\000y\000s\000i\000s}{section.11.4}% 244
\BOOKMARK [1][]{section.11.5}{\376\377\000D\000i\000s\000c\000u\000s\000s\000i\000o\000n}{chapter.11}% 245
\BOOKMARK [2][]{subsection.11.5.1}{\376\377\000W\000h\000y\000\040\000E\000v\000i\000d\000e\000n\000c\000e\000\040\000G\000a\000t\000e\000\040\000W\000o\000r\000k\000s}{section.11.5}% 246
\BOOKMARK [2][]{subsection.11.5.2}{\376\377\000L\000o\000c\000a\000l\000-\000F\000i\000r\000s\000t\000\040\000I\000m\000p\000l\000i\000c\000a\000t\000i\000o\000n\000s}{section.11.5}% 247
\BOOKMARK [2][]{subsection.11.5.3}{\376\377\000L\000i\000m\000i\000t\000a\000t\000i\000o\000n\000s}{section.11.5}% 248
\BOOKMARK [1][]{section.11.6}{\376\377\000C\000o\000n\000c\000l\000u\000s\000i\000o\000n}{chapter.11}% 249
\BOOKMARK [-1][]{part.4}{\376\377\000I\000V\000\040\000A\000p\000p\000e\000n\000d\000i\000c\000e\000s}{}% 250
\BOOKMARK [0][]{section.Alph0.1}{\376\377\000M\000a\000t\000h\000e\000m\000a\000t\000i\000c\000a\000l\000\040\000N\000o\000t\000a\000t\000i\000o\000n}{part.4}% 251
\BOOKMARK [1][]{section.Alph0.2}{\376\377\000C\000o\000m\000p\000l\000e\000t\000e\000\040\000C\000o\000n\000f\000i\000g\000u\000r\000a\000t\000i\000o\000n\000\040\000S\000c\000h\000e\000m\000a}{section.Alph0.1}% 252
\BOOKMARK [1][]{section.Alph0.3}{\376\377\000A\000P\000I\000\040\000S\000c\000h\000e\000m\000a\000s}{section.Alph0.1}% 253
\BOOKMARK [2][]{subsection.Alph0.3.1}{\376\377\000Q\000u\000e\000r\000y\000\040\000R\000e\000q\000u\000e\000s\000t}{section.Alph0.3}% 254
\BOOKMARK [2][]{subsection.Alph0.3.2}{\376\377\000Q\000u\000e\000r\000y\000\040\000R\000e\000s\000p\000o\000n\000s\000e}{section.Alph0.3}% 255
\BOOKMARK [1][]{section.Alph0.4}{\376\377\000E\000v\000a\000l\000u\000a\000t\000i\000o\000n\000\040\000P\000r\000o\000t\000o\000c\000o\000l}{section.Alph0.1}% 256
\BOOKMARK [2][]{subsection.Alph0.4.1}{\376\377\000D\000a\000t\000a\000s\000e\000t\000\040\000C\000o\000n\000s\000t\000r\000u\000c\000t\000i\000o\000n}{section.Alph0.4}% 257
\BOOKMARK [2][]{subsection.Alph0.4.2}{\376\377\000M\000e\000t\000r\000i\000c\000s\000\040\000C\000o\000m\000p\000u\000t\000a\000t\000i\000o\000n}{section.Alph0.4}% 258
\BOOKMARK [2][]{subsection.Alph0.4.3}{\376\377\000S\000t\000a\000t\000i\000s\000t\000i\000c\000a\000l\000\040\000R\000i\000g\000o\000r}{section.Alph0.4}% 259
\BOOKMARK [1][]{section.Alph0.5}{\376\377\000G\000l\000o\000s\000s\000a\000r\000y\000\040\000o\000f\000\040\000K\000e\000y\000\040\000T\000e\000r\000m\000s}{section.Alph0.1}% 260
\BOOKMARK [0][]{appendix.A}{\376\377\000D\000a\000t\000a\000\040\000M\000o\000d\000e\000l\000\040\000D\000e\000f\000i\000n\000i\000t\000i\000o\000n\000s}{part.4}% 261
\BOOKMARK [1][]{section.A.1}{\376\377\000S\000e\000m\000a\000n\000t\000i\000c\000U\000n\000i\000t}{appendix.A}% 262
\BOOKMARK [1][]{section.A.2}{\376\377\000C\000h\000u\000n\000k}{appendix.A}% 263
\BOOKMARK [1][]{section.A.3}{\376\377\000E\000n\000t\000i\000t\000y}{appendix.A}% 264
\BOOKMARK [1][]{section.A.4}{\376\377\000R\000e\000l\000a\000t\000i\000o\000n}{appendix.A}% 265
\BOOKMARK [1][]{section.A.5}{\376\377\000Q\000u\000e\000r\000y\000P\000l\000a\000n}{appendix.A}% 266
\BOOKMARK [1][]{section.A.6}{\376\377\000T\000o\000o\000l\000S\000c\000h\000e\000m\000a}{appendix.A}% 267
\BOOKMARK [0][]{appendix.B}{\376\377\000C\000o\000n\000f\000i\000g\000u\000r\000a\000t\000i\000o\000n\000\040\000R\000e\000f\000e\000r\000e\000n\000c\000e}{part.4}% 268
\BOOKMARK [1][]{section.B.1}{\376\377\000F\000u\000l\000l\000\040\000c\000o\000n\000f\000i\000g\000.\000t\000o\000m\000l}{appendix.B}% 269
\BOOKMARK [1][]{section.B.2}{\376\377\000E\000n\000v\000i\000r\000o\000n\000m\000e\000n\000t\000\040\000V\000a\000r\000i\000a\000b\000l\000e\000\040\000O\000v\000e\000r\000r\000i\000d\000e\000s}{appendix.B}% 270
\BOOKMARK [0][]{appendix.C}{\376\377\000P\000a\000r\000s\000e\000r\000\040\000G\000r\000a\000m\000m\000a\000r\000\040\000S\000p\000e\000c\000i\000f\000i\000c\000a\000t\000i\000o\000n\000s}{part.4}% 271
\BOOKMARK [1][]{section.C.1}{\376\377\000P\000y\000t\000h\000o\000n\000\040\000\050\000t\000r\000e\000e\000-\000s\000i\000t\000t\000e\000r\000-\000p\000y\000t\000h\000o\000n\000\051}{appendix.C}% 272
\BOOKMARK [1][]{section.C.2}{\376\377\000J\000a\000v\000a\000S\000c\000r\000i\000p\000t\000/\000T\000y\000p\000e\000S\000c\000r\000i\000p\000t}{appendix.C}% 273
\BOOKMARK [1][]{section.C.3}{\376\377\000R\000u\000s\000t}{appendix.C}% 274
\BOOKMARK [1][]{section.C.4}{\376\377\000G\000o}{appendix.C}% 275
\BOOKMARK [1][]{section.C.5}{\376\377\000S\000Q\000L}{appendix.C}% 276
\BOOKMARK [1][]{section.C.6}{\376\377\000D\000e\000s\000i\000g\000n\000\040\000D\000e\000c\000i\000s\000i\000o\000n\000\040\000L\000o\000g}{appendix.C}% 277
\BOOKMARK [0][]{appendix.D}{\376\377\000E\000x\000t\000e\000n\000d\000e\000d\000\040\000R\000e\000l\000a\000t\000e\000d\000\040\000W\000o\000r\000k}{part.4}% 278
\BOOKMARK [1][]{section.D.1}{\376\377\000D\000e\000n\000s\000e\000\040\000R\000e\000t\000r\000i\000e\000v\000a\000l}{appendix.D}% 279
\BOOKMARK [1][]{section.D.2}{\376\377\000S\000p\000a\000r\000s\000e\000\040\000R\000e\000t\000r\000i\000e\000v\000a\000l}{appendix.D}% 280
\BOOKMARK [1][]{section.D.3}{\376\377\000H\000y\000b\000r\000i\000d\000\040\000R\000e\000t\000r\000i\000e\000v\000a\000l}{appendix.D}% 281
\BOOKMARK [1][]{section.D.4}{\376\377\000G\000r\000a\000p\000h\000-\000E\000n\000h\000a\000n\000c\000e\000d\000\040\000R\000e\000t\000r\000i\000e\000v\000a\000l}{appendix.D}% 282
\BOOKMARK [1][]{section.D.5}{\376\377\000R\000e\000c\000u\000r\000s\000i\000v\000e\000/\000T\000r\000e\000e\000-\000B\000a\000s\000e\000d\000\040\000R\000e\000t\000r\000i\000e\000v\000a\000l}{appendix.D}% 283
\BOOKMARK [1][]{section.D.6}{\376\377\000E\000v\000i\000d\000e\000n\000c\000e\000\040\000a\000n\000d\000\040\000A\000t\000t\000r\000i\000b\000u\000t\000i\000o\000n}{appendix.D}% 284
\BOOKMARK [1][]{section.D.7}{\376\377\000L\000o\000c\000a\000l\000/\000P\000r\000i\000v\000a\000t\000e\000\040\000L\000L\000M\000s}{appendix.D}% 285
\BOOKMARK [1][]{section.D.8}{\376\377\000V\000e\000c\000t\000o\000r\000\040\000D\000a\000t\000a\000b\000a\000s\000e\000s}{appendix.D}% 286
\BOOKMARK [1][]{section.D.9}{\376\377\000G\000r\000a\000p\000h\000\040\000D\000a\000t\000a\000b\000a\000s\000e\000s}{appendix.D}% 287
\BOOKMARK [1][]{section.D.10}{\376\377\000P\000a\000r\000s\000i\000n\000g\000\040\000a\000n\000d\000\040\000E\000m\000b\000e\000d\000d\000i\000n\000g}{appendix.D}% 288
